<html>
<body>
<pre>
<h1>礦ision Build Log</h1>
<h2>Tool Versions:</h2>
IDE-Version: μVision V5.17.0.0
Copyright (C) 2015 ARM Ltd and ARM Germany GmbH. All rights reserved.
License Information: ZZ ZZ, ZZZ, LIC=NQQ9U-S2EKC-T3DMI-T8YX1-JRC7E-9UXHR
 
Tool Versions:
Toolchain:       MDK-ARM Standard  Version: 5.17
Toolchain Path:  D:\Keil_v5\ARM\ARMCC\Bin
C Compiler:      Armcc.exe V5.06 update 1 (build 61)
Assembler:       Armasm.exe V5.06 update 1 (build 61)
Linker/Locator:  ArmLink.exe V5.06 update 1 (build 61)
Library Manager: ArmAr.exe V5.06 update 1 (build 61)
Hex Converter:   FromElf.exe V5.06 update 1 (build 61)
CPU DLL:         SARMCM3.DLL V5.17
Dialog DLL:      DCM.DLL V1.13.4.0
Target DLL:      CMSIS_AGDI.dll V1.23.1.0
Dialog DLL:      TCM.DLL V1.14.6.0
 
<h2>Project:</h2>
D:\六足机器人\01 并联机器人程序\fsmc_indep.uvprojx
Project File Date:  06/28/2022

<h2>Output:</h2>
*** Using Compiler 'V5.06 update 1 (build 61)', folder: 'D:\Keil_v5\ARM\ARMCC\Bin'
Build target 'fsmc_indep'
compiling JuneBugCtrl.cpp...
RobotCtrl\MotionSimu.h(107): warning:  #1300-D: Filter inherits implicit virtual
     double Filter(double x);
RobotCtrl\JuneBugCtrl.cpp(12): warning:  #161-D: unrecognized #pragma
  #pragma package(smart_init)
RobotCtrl\JuneBugCtrl.cpp: 2 warnings, 0 errors
linking...
Program Size: Code=47290 RO-data=1782 RW-data=308 ZI-data=36900  
FromELF: creating hex file...
".\Objects\fsmc_indep.axf" - 0 Error(s), 2 Warning(s).

<h2>Software Packages used:</h2>

Package Vendor: ARM
                http://www.keil.com/pack/ARM.CMSIS.4.5.0.pack
                ARM::CMSIS:CORE:4.3.0
                CMSIS (Cortex Microcontroller Software Interface Standard)
   * Component: CORE Version: 4.3.0

<h2>Collection of Component include folders:</h2>
  D:\六足机器人\01 并联机器人程序\RTE
  D:\Keil_v5\ARM\PACK\ARM\CMSIS\4.5.0\CMSIS\Include
  D:\Keil_v5\ARM\PACK\Keil\STM32F1xx_DFP\2.3.0\Device\Include

<h2>Collection of Component Files used:</h2>

   * Component: ARM::CMSIS:CORE:4.3.0
Build Time Elapsed:  00:00:02
</pre>
</body>
</html>
