Component: ARM Compiler 5.06 update 1 (build 61) Tool: armlink [4d35a8]

==============================================================================

Section Cross References

    startup_stm32f103xe.o(STACK) refers (Special) to heapauxi.o(.text) for __use_two_region_memory
    startup_stm32f103xe.o(HEAP) refers (Special) to heapauxi.o(.text) for __use_two_region_memory
    startup_stm32f103xe.o(RESET) refers (Special) to heapauxi.o(.text) for __use_two_region_memory
    startup_stm32f103xe.o(RESET) refers to startup_stm32f103xe.o(STACK) for __initial_sp
    startup_stm32f103xe.o(RESET) refers to startup_stm32f103xe.o(.text) for Reset_Handler
    startup_stm32f103xe.o(RESET) refers to stm32f1xx_it.o(i.NMI_Handler) for NMI_Handler
    startup_stm32f103xe.o(RESET) refers to stm32f1xx_it.o(i.HardFault_Handler) for HardFault_Handler
    startup_stm32f103xe.o(RESET) refers to stm32f1xx_it.o(i.MemManage_Handler) for MemManage_Handler
    startup_stm32f103xe.o(RESET) refers to stm32f1xx_it.o(i.BusFault_Handler) for BusFault_Handler
    startup_stm32f103xe.o(RESET) refers to stm32f1xx_it.o(i.UsageFault_Handler) for UsageFault_Handler
    startup_stm32f103xe.o(RESET) refers to stm32f1xx_it.o(i.SVC_Handler) for SVC_Handler
    startup_stm32f103xe.o(RESET) refers to stm32f1xx_it.o(i.DebugMon_Handler) for DebugMon_Handler
    startup_stm32f103xe.o(RESET) refers to stm32f1xx_it.o(i.PendSV_Handler) for PendSV_Handler
    startup_stm32f103xe.o(RESET) refers to stm32f1xx_it.o(i.SysTick_Handler) for SysTick_Handler
    startup_stm32f103xe.o(RESET) refers to exti.o(i.EXTI4_IRQHandler) for EXTI4_IRQHandler
    startup_stm32f103xe.o(RESET) refers to usart.o(i.USART2_IRQHandler) for USART2_IRQHandler
    startup_stm32f103xe.o(RESET) refers to usart.o(i.USART3_IRQHandler) for USART3_IRQHandler
    startup_stm32f103xe.o(.text) refers (Special) to heapauxi.o(.text) for __use_two_region_memory
    startup_stm32f103xe.o(.text) refers to system_stm32f1xx.o(i.SystemInit) for SystemInit
    startup_stm32f103xe.o(.text) refers to __main.o(!!!main) for __main
    startup_stm32f103xe.o(.text) refers to startup_stm32f103xe.o(HEAP) for Heap_Mem
    startup_stm32f103xe.o(.text) refers to startup_stm32f103xe.o(STACK) for Stack_Mem
    main.o(i.main) refers to stm32f1xx_hal.o(i.HAL_Init) for HAL_Init
    main.o(i.main) refers to stm32f1xx_hal_gpio.o(i.HAL_GPIO_WritePin) for HAL_GPIO_WritePin
    main.o(i.main) refers to system_clock.o(.data) for system_clock
    main.o(i.main) refers to led.o(.data) for led
    main.o(i.main) refers to exti.o(.data) for exti
    main.o(i.main) refers to wwdg.o(.data) for wwdg
    main.o(i.main) refers to fsmc.o(.data) for fsmc
    main.o(i.main) refers to usart.o(.data) for usart3
    fsmc.o(i.initialize) refers to stm32f1xx_hal_gpio.o(i.HAL_GPIO_Init) for HAL_GPIO_Init
    fsmc.o(i.initialize) refers to stm32f1xx_hal_sram.o(i.HAL_SRAM_Init) for HAL_SRAM_Init
    fsmc.o(i.initialize) refers to fsmc.o(.bss) for hsram1
    fsmc.o(.data) refers to fsmc.o(i.initialize) for initialize
    led.o(i.initialize) refers to stm32f1xx_hal_gpio.o(i.HAL_GPIO_Init) for HAL_GPIO_Init
    led.o(i.initialize) refers to stm32f1xx_hal_gpio.o(i.HAL_GPIO_WritePin) for HAL_GPIO_WritePin
    led.o(.data) refers to led.o(i.initialize) for initialize
    stm32f1xx_it.o(i.SysTick_Handler) refers to stm32f1xx_hal.o(i.HAL_IncTick) for HAL_IncTick
    stm32f1xx_it.o(i.SysTick_Handler) refers to stm32f1xx_hal_cortex.o(i.HAL_SYSTICK_IRQHandler) for HAL_SYSTICK_IRQHandler
    system_clock.o(i.initialize) refers to stm32f1xx_hal_rcc.o(i.HAL_RCC_OscConfig) for HAL_RCC_OscConfig
    system_clock.o(i.initialize) refers to stm32f1xx_hal_rcc.o(i.HAL_RCC_ClockConfig) for HAL_RCC_ClockConfig
    system_clock.o(i.initialize) refers to stm32f1xx_hal_rcc.o(i.HAL_RCC_GetHCLKFreq) for HAL_RCC_GetHCLKFreq
    system_clock.o(i.initialize) refers to stm32f1xx_hal_cortex.o(i.HAL_SYSTICK_Config) for HAL_SYSTICK_Config
    system_clock.o(i.initialize) refers to stm32f1xx_hal_cortex.o(i.HAL_SYSTICK_CLKSourceConfig) for HAL_SYSTICK_CLKSourceConfig
    system_clock.o(i.initialize) refers to stm32f1xx_hal_cortex.o(i.HAL_NVIC_SetPriority) for HAL_NVIC_SetPriority
    system_clock.o(.data) refers to system_clock.o(i.initialize) for initialize
    system_stm32f1xx.o(i.SystemCoreClockUpdate) refers to system_stm32f1xx.o(.data) for SystemCoreClock
    system_stm32f1xx.o(i.SystemCoreClockUpdate) refers to system_stm32f1xx.o(.constdata) for AHBPrescTable
    usart.o(i.HAL_UART_MspDeInit) refers to stm32f1xx_hal_gpio.o(i.HAL_GPIO_DeInit) for HAL_GPIO_DeInit
    usart.o(i.HAL_UART_MspDeInit) refers to stm32f1xx_hal_cortex.o(i.HAL_NVIC_DisableIRQ) for HAL_NVIC_DisableIRQ
    usart.o(i.HAL_UART_MspInit) refers to stm32f1xx_hal_gpio.o(i.HAL_GPIO_Init) for HAL_GPIO_Init
    usart.o(i.HAL_UART_MspInit) refers to stm32f1xx_hal_cortex.o(i.HAL_NVIC_SetPriority) for HAL_NVIC_SetPriority
[...]
    HardFault_Handler                        0x080037f3   Thumb Code     4  stm32f1xx_it.o(i.HardFault_Handler)
    MemManage_Handler                        0x080037f7   Thumb Code     4  stm32f1xx_it.o(i.MemManage_Handler)
    NMI_Handler                              0x080037fb   Thumb Code     2  stm32f1xx_it.o(i.NMI_Handler)
    PendSV_Handler                           0x08003835   Thumb Code     2  stm32f1xx_it.o(i.PendSV_Handler)
    RcvByteFromUART2                         0x08003839   Thumb Code    14  ctrlinterface.o(i.RcvByteFromUART2)
    RcvByteFromUART3                         0x0800384d   Thumb Code    14  ctrlinterface.o(i.RcvByteFromUART3)
    RobotCtrl                                0x08003861   Thumb Code    10  ctrlinterface.o(i.RobotCtrl)
    SVC_Handler                              0x08003871   Thumb Code     2  stm32f1xx_it.o(i.SVC_Handler)
    SendBuffer                               0x08003873   Thumb Code    52  usart.o(i.SendBuffer)
    SysTick_Handler                          0x080038a7   Thumb Code    12  stm32f1xx_it.o(i.SysTick_Handler)
    SystemInit                               0x080038b5   Thumb Code    70  system_stm32f1xx.o(i.SystemInit)
    USART2_IRQHandler                        0x08003c8d   Thumb Code    94  usart.o(i.USART2_IRQHandler)
    USART3_IRQHandler                        0x08003cf9   Thumb Code    94  usart.o(i.USART3_IRQHandler)
    UsageFault_Handler                       0x08003d65   Thumb Code     4  stm32f1xx_it.o(i.UsageFault_Handler)
    CopyVector(double*, double*)             0x08003d69   Thumb Code    26  basiccalc.o(i._Z10CopyVectorPdS_)
    CopyVector(double*, double, double, double) 0x08003d83   Thumb Code    20  basiccalc.o(i._Z10CopyVectorPdddd)
    VectorAddVector(double*, double*, double*) 0x08003d97   Thumb Code    74  basiccalc.o(i._Z15VectorAddVectorPdS_S_)
    MatrixMultiVector(double*, double(*)[3], double*) 0x08003de1   Thumb Code   270  basiccalc.o(i._Z17MatrixMultiVectorPdPA3_dS_)
    RotateMatrixByEuler(double(*)[3], double*) 0x08003ef1   Thumb Code   496  basiccalc.o(i._Z19RotateMatrixByEulerPA3_dPd)
    Limit(double, double, double)            0x080040ed   Thumb Code    64  basiccalc.o(i._Z5Limitddd)
    Distance(double*, double*)               0x0800412d   Thumb Code   176  basiccalc.o(i._Z8DistancePdS_)
    CAccSensor::CAccSensor()                 0x080041dd   Thumb Code    30  accsensor.o(i._ZN10CAccSensorC1Ev)
    CAccSensor::CAccSensor__sub_object()     0x080041dd   Thumb Code     0  accsensor.o(i._ZN10CAccSensorC1Ev)
    CCtrlBoard::FdkForUART2(unsigned char**, int*) 0x08004201   Thumb Code     6  ctrlboard.o(i._ZN10CCtrlBoard11FdkForUART2EPPhPi)
    CCtrlBoard::FdkForUART3(unsigned char**, int*) 0x08004209   Thumb Code    20  ctrlboard.o(i._ZN10CCtrlBoard11FdkForUART3EPPhPi)
    CCtrlBoard::OutputPulse(int, int)        0x08004221   Thumb Code    88  ctrlboard.o(i._ZN10CCtrlBoard11OutputPulseEii)
    CCtrlBoard::WritePulseCnt(int, int)      0x08004281   Thumb Code    14  ctrlboard.o(i._ZN10CCtrlBoard13WritePulseCntEii)
    CCtrlBoard::WriteDirection(int)          0x08004291   Thumb Code     6  ctrlboard.o(i._ZN10CCtrlBoard14WriteDirectionEi)
    CCtrlBoard::OutputDirection(bool*)       0x0800429d   Thumb Code    90  ctrlboard.o(i._ZN10CCtrlBoard15OutputDirectionEPb)
    CCtrlBoard::OutputDirection(bool)        0x080042f7   Thumb Code    24  ctrlboard.o(i._ZN10CCtrlBoard15OutputDirectionEb)
    CCtrlBoard::RefreshDIStatus()            0x08004311   Thumb Code    66  ctrlboard.o(i._ZN10CCtrlBoard15RefreshDIStatusEv)
    CCtrlBoard::RcvByteFromUART2(unsigned char) 0x0800435d   Thumb Code     4  ctrlboard.o(i._ZN10CCtrlBoard16RcvByteFromUART2Eh)
    CCtrlBoard::RcvByteFromUART3(unsigned char) 0x08004361   Thumb Code    16  ctrlboard.o(i._ZN10CCtrlBoard16RcvByteFromUART3Eh)
    CCtrlBoard::RefreshPulseLeft()           0x08004375   Thumb Code    30  ctrlboard.o(i._ZN10CCtrlBoard16RefreshPulseLeftEv)
    CCtrlBoard::WriteFreqDivBase(int, int)   0x08004393   Thumb Code    12  ctrlboard.o(i._ZN10CCtrlBoard16WriteFreqDivBaseEii)
    CCtrlBoard::CCtrlBoard()                 0x080043a1   Thumb Code    70  ctrlboard.o(i._ZN10CCtrlBoardC1Ev)
    CCtrlBoard::CCtrlBoard__sub_object()     0x080043a1   Thumb Code     0  ctrlboard.o(i._ZN10CCtrlBoardC1Ev)
    CMoveTrace::Stop()                       0x080043ed   Thumb Code    32  cubictrace.o(i._ZN10CMoveTrace4StopEv)
    CMoveTrace::Decay()                      0x0800440d   Thumb Code    32  cubictrace.o(i._ZN10CMoveTrace5DecayEv)
    CMoveTrace::Speed(float, float*)         0x0800442d   Thumb Code    46  cubictrace.o(i._ZN10CMoveTrace5SpeedEfPf)
    CMoveTrace::Position(float, float*)      0x0800445b   Thumb Code    46  cubictrace.o(i._ZN10CMoveTrace8PositionEfPf)
    CMoveTrace::Schedule(float*, float*, float*, float*) 0x08004489   Thumb Code   150  cubictrace.o(i._ZN10CMoveTrace8ScheduleEPfS0_S0_S0_)
    CMoveTrace::Schedule(float, float*, float*, float*, float*) 0x08004535   Thumb Code    76  cubictrace.o(i._ZN10CMoveTrace8ScheduleEfPfS0_S0_S0_)
    CCtrlSystem::StableCtrl()                0x08004581   Thumb Code   112  ctrlsystem.o(i._ZN11CCtrlSystem10StableCtrlEv)
    CCtrlSystem::JuneBugCtrl()               0x080045f1   Thumb Code   184  ctrlsystem.o(i._ZN11CCtrlSystem11JuneBugCtrlEv)
    CCtrlSystem::DirectJackCtrl()            0x080046a9   Thumb Code   210  ctrlsystem.o(i._ZN11CCtrlSystem14DirectJackCtrlEv)
    CCtrlSystem::MotionSimuCtrl()            0x0800477b   Thumb Code   174  ctrlsystem.o(i._ZN11CCtrlSystem14MotionSimuCtrlEv)
    CCtrlSystem::RcvCommandByte(char)        0x08004829   Thumb Code    94  ctrlsystem.o(i._ZN11CCtrlSystem14RcvCommandByteEc)
    CCtrlSystem::ExtractCtrlOrder()          0x08004889   Thumb Code   480  ctrlsystem.o(i._ZN11CCtrlSystem16ExtractCtrlOrderEv)
    CCtrlSystem::OnCtrlModeChanged(int)      0x08004a6d   Thumb Code   132  ctrlsystem.o(i._ZN11CCtrlSystem17OnCtrlModeChangedEi)
    CCtrlSystem::DirectPosEurlarCtrl()       0x08004af1   Thumb Code   252  ctrlsystem.o(i._ZN11CCtrlSystem19DirectPosEurlarCtrlEv)
    CCtrlSystem::Reset()                     0x08004bed   Thumb Code    26  ctrlsystem.o(i._ZN11CCtrlSystem5ResetEv)
    CCtrlSystem::Control()                   0x08004c07   Thumb Code   116  ctrlsystem.o(i._ZN11CCtrlSystem7ControlEv)
    CCtrlSystem::LedFlick()                  0x08004c7d   Thumb Code    58  ctrlsystem.o(i._ZN11CCtrlSystem8LedFlickEv)
    CCtrlSystem::FdkBuffer(unsigned char**, int*) 0x08004cbd   Thumb Code    32  ctrlsystem.o(i._ZN11CCtrlSystem9FdkBufferEPPhPi)
    CCtrlSystem::ResetCtrl()                 0x08004cdd   Thumb Code   236  ctrlsystem.o(i._ZN11CCtrlSystem9ResetCtrlEv)
    CCtrlSystem::CCtrlSystem()               0x08004dd1   Thumb Code   538  ctrlsystem.o(i._ZN11CCtrlSystemC1Ev)
    CCtrlSystem::CCtrlSystem__sub_object()   0x08004dd1   Thumb Code     0  ctrlsystem.o(i._ZN11CCtrlSystemC1Ev)
    CCubicTrace::Max(double, double)         0x0800503d   Thumb Code    42  cubictrace.o(i._ZN11CCubicTrace3MaxEdd)
    CCubicTrace::Stop()                      0x08005067   Thumb Code    16  cubictrace.o(i._ZN11CCubicTrace4StopEv)
    CCubicTrace::Decay()                     0x08005077   Thumb Code    70  cubictrace.o(i._ZN11CCubicTrace5DecayEv)
    CCubicTrace::Speed(float)                0x080050bd   Thumb Code   148  cubictrace.o(i._ZN11CCubicTrace5SpeedEf)
    CCubicTrace::MaxAcc(float)               0x08005155   Thumb Code   140  cubictrace.o(i._ZN11CCubicTrace6MaxAccEf)
    CCubicTrace::Refresh(float, float, float, float, float) 0x080051e5   Thumb Code   380  cubictrace.o(i._ZN11CCubicTrace7RefreshEfffff)
    CCubicTrace::SetZero()                   0x0800536d   Thumb Code    20  cubictrace.o(i._ZN11CCubicTrace7SetZeroEv)
    CCubicTrace::MaxSpeed(float)             0x08005381   Thumb Code   352  cubictrace.o(i._ZN11CCubicTrace8MaxSpeedEf)
    CCubicTrace::Position(float)             0x080054ed   Thumb Code   188  cubictrace.o(i._ZN11CCubicTrace8PositionEf)
    CCubicTrace::CCubicTrace()               0x080055a9   Thumb Code    22  cubictrace.o(i._ZN11CCubicTraceC1Ev)
    CCubicTrace::CCubicTrace__sub_object()   0x080055a9   Thumb Code     0  cubictrace.o(i._ZN11CCubicTraceC1Ev)
    CRobotBasic::RotateAroundZ(double*, double*, double) 0x080055c9   Thumb Code   118  robotbasic.o(i._ZN11CRobotBasic13RotateAroundZEPdS0_d)
    CRobotBasic::CalcJackLength(double*)     0x08005651   Thumb Code   104  robotbasic.o(i._ZN11CRobotBasic14CalcJackLengthEPd)
    CRobotBasic::SetStructureErrors(double(*)[3], double(*)[3]) 0x080056b9   Thumb Code    84  robotbasic.o(i._ZN11CRobotBasic18SetStructureErrorsEPA3_dS1_)
    CRobotBasic::SetStructureParams(double, double, double, double, double, double) 0x0800570d   Thumb Code   326  robotbasic.o(i._ZN11CRobotBasic18SetStructureParamsEdddddd)
    CRobotBasic::SetJointCoordinates(double(*)[3], double(*)[3]) 0x0800585d   Thumb Code    68  robotbasic.o(i._ZN11CRobotBasic19SetJointCoordinatesEPA3_dS1_)
    CRobotBasic::CRobotBasic()               0x080058a1   Thumb Code   146  robotbasic.o(i._ZN11CRobotBasicC1Ev)
    CRobotBasic::CRobotBasic__sub_object()   0x080058a1   Thumb Code     0  robotbasic.o(i._ZN11CRobotBasicC1Ev)
    CRobotServo::GoZeroCtrl()                0x08005955   Thumb Code   108  robotservo.o(i._ZN11CRobotServo10GoZeroCtrlEv)
    CRobotServo::NormalCtrl()                0x080059c5   Thumb Code   320  robotservo.o(i._ZN11CRobotServo10NormalCtrlEv)
    CRobotServo::IsAllZeroed()               0x08005b09   Thumb Code    92  robotservo.o(i._ZN11CRobotServo11IsAllZeroedEv)
    CRobotServo::FilterDestination(int, int) 0x08005b69   Thumb Code   260  robotservo.o(i._ZN11CRobotServo17FilterDestinationEii)
    CRobotServo::RobotMove(CRobot&)          0x08005c75   Thumb Code   304  robotservo.o(i._ZN11CRobotServo9RobotMoveER6CRobot)
    CRobotServo::ServoCtrl()                 0x08005db1   Thumb Code    24  robotservo.o(i._ZN11CRobotServo9ServoCtrlEv)
    CRobotServo::CRobotServo()               0x08005dc9   Thumb Code    50  robotservo.o(i._ZN11CRobotServoC1Ev)
    CRobotServo::CRobotServo__sub_object()   0x08005dc9   Thumb Code     0  robotservo.o(i._ZN11CRobotServoC1Ev)
    CStableCtrl::GetPlatformPosition(double&, double&, double&, double&, double&, double&) 0x08005e01   Thumb Code   132  stablectrl.o(i._ZN11CStableCtrl19GetPlatformPositionERdS0_S0_S0_S0_S0_)
    CStableCtrl::SingleChannelFwdBwdCtrl(int, double, double) 0x08005e85   Thumb Code    64  stablectrl.o(i._ZN11CStableCtrl23SingleChannelFwdBwdCtrlEidd)
    CStableCtrl::SingleMotionChannelCtrl(int, double, double) 0x08005ec5   Thumb Code    60  stablectrl.o(i._ZN11CStableCtrl23SingleMotionChannelCtrlEidd)
    CStableCtrl::CStableCtrl()               0x08005f01   Thumb Code   218  stablectrl.o(i._ZN11CStableCtrlC1Ev)
    CStableCtrl::CStableCtrl__sub_object()   0x08005f01   Thumb Code     0  stablectrl.o(i._ZN11CStableCtrlC1Ev)
    CJuneBugCtrl::Initialize()               0x08005ffd   Thumb Code    18  junebugctrl.o(i._ZN12CJuneBugCtrl10InitializeEv)
    CJuneBugCtrl::MoveByTrace()              0x08006011   Thumb Code    54  junebugctrl.o(i._ZN12CJuneBugCtrl11MoveByTraceEv)
    CJuneBugCtrl::StateMoveXY()              0x08006051   Thumb Code   586  junebugctrl.o(i._ZN12CJuneBugCtrl11StateMoveXYEv)
    CJuneBugCtrl::MoveRequired()             0x080062a5   Thumb Code    96  junebugctrl.o(i._ZN12CJuneBugCtrl12MoveRequiredEv)
    CJuneBugCtrl::StateMoveUpDown()          0x0800630d   Thumb Code   348  junebugctrl.o(i._ZN12CJuneBugCtrl15StateMoveUpDownEv)
    CJuneBugCtrl::StateMoveXYIdle()          0x08006469   Thumb Code   148  junebugctrl.o(i._ZN12CJuneBugCtrl15StateMoveXYIdleEv)
    CJuneBugCtrl::ScheduleMovement(float*, float*) 0x080064fd   Thumb Code    56  junebugctrl.o(i._ZN12CJuneBugCtrl16ScheduleMovementEPfS0_)
    CJuneBugCtrl::ScheduleMovement(float*, float*, float*, float*) 0x08006535   Thumb Code   184  junebugctrl.o(i._ZN12CJuneBugCtrl16ScheduleMovementEPfS0_S0_S0_)
    CJuneBugCtrl::ScheduleXYMovement(float, float, float, float) 0x080065f5   Thumb Code   314  junebugctrl.o(i._ZN12CJuneBugCtrl18ScheduleXYMovementEffff)
    CJuneBugCtrl::StateMoveUpDownIdle()      0x08006739   Thumb Code    32  junebugctrl.o(i._ZN12CJuneBugCtrl19StateMoveUpDownIdleEv)
    CJuneBugCtrl::ScheduleIdleMovement()     0x08006759   Thumb Code    38  junebugctrl.o(i._ZN12CJuneBugCtrl20ScheduleIdleMovementEv)
    CJuneBugCtrl::SearchForTheLargestXYStep(float, float, float, float) 0x08006781   Thumb Code   262  junebugctrl.o(i._ZN12CJuneBugCtrl25SearchForTheLargestXYStepEffff)
    CJuneBugCtrl::Move()                     0x08006895   Thumb Code    80  junebugctrl.o(i._ZN12CJuneBugCtrl4MoveEv)
    CJuneBugCtrl::Length(float, float)       0x080068e5   Thumb Code    46  junebugctrl.o(i._ZN12CJuneBugCtrl6LengthEff)
    CJuneBugCtrl::Length(float, float, float) 0x08006913   Thumb Code    64  junebugctrl.o(i._ZN12CJuneBugCtrl6LengthEfff)
    CJuneBugCtrl::StateIdle()                0x08006953   Thumb Code    72  junebugctrl.o(i._ZN12CJuneBugCtrl9StateIdleEv)
    CJuneBugCtrl::CJuneBugCtrl()             0x0800699d   Thumb Code   200  junebugctrl.o(i._ZN12CJuneBugCtrlC1Ev)
    CJuneBugCtrl::CJuneBugCtrl__sub_object() 0x0800699d   Thumb Code     0  junebugctrl.o(i._ZN12CJuneBugCtrlC1Ev)
    CRobotCommPkg::Buffer2Short(unsigned char*) 0x08006a99   Thumb Code     8  robotcomm.o(i._ZN13CRobotCommPkg12Buffer2ShortEPh)
    CRobotCommPkg::FdkRobotStatus(CCtrlSystem*) 0x08006aa1   Thumb Code   344  robotcomm.o(i._ZN13CRobotCommPkg14FdkRobotStatusEP11CCtrlSystem)
    CRobotCommPkg::GetAccCtrlOrder(float&, float&, float&, float&, float&, float&) 0x08006c05   Thumb Code   222  robotcomm.o(i._ZN13CRobotCommPkg15GetAccCtrlOrderERfS0_S0_S0_S0_S0_)
    CRobotCommPkg::GetJuneBugOrder(float&, float&, float&, float&, float&) 0x08006cf5   Thumb Code   186  robotcomm.o(i._ZN13CRobotCommPkg15GetJuneBugOrderERfS0_S0_S0_S0_)
    CRobotCommPkg::GetPosCtrlOrder(float&, float&, float&, float&, float&, float&) 0x08006db9   Thumb Code   222  robotcomm.o(i._ZN13CRobotCommPkg15GetPosCtrlOrderERfS0_S0_S0_S0_S0_)
    CRobotCommPkg::GetAccCtrlParams(CMotionSimuParams&) 0x08006ea9   Thumb Code    18  robotcomm.o(i._ZN13CRobotCommPkg16GetAccCtrlParamsER17CMotionSimuParams)
    CRobotCommPkg::GetJackCtrlOrder(int&, float&, float&) 0x08006ebd   Thumb Code    86  robotcomm.o(i._ZN13CRobotCommPkg16GetJackCtrlOrderERiRfS1_)
    CRobotCommPkg::ReceiveCtrlOrder(unsigned char) 0x08006f25   Thumb Code    22  robotcomm.o(i._ZN13CRobotCommPkg16ReceiveCtrlOrderEh)
    CRobotCommPkg::CheckReceivedComm(unsigned char, unsigned char*, int&) 0x08006f3b   Thumb Code    90  robotcomm.o(i._ZN13CRobotCommPkg17CheckReceivedCommEhPhRi)
    CRobotCommPkg::AddCRC(unsigned char*, int) 0x08006f95   Thumb Code    32  robotcomm.o(i._ZN13CRobotCommPkg6AddCRCEPhi)
    CRobotCommPkg::CalcCRC(unsigned char*, int) 0x08006fb5   Thumb Code    54  robotcomm.o(i._ZN13CRobotCommPkg7CalcCRCEPhi)
    CRobotCommPkg::CheckCRC(unsigned char*, int) 0x08006feb   Thumb Code    44  robotcomm.o(i._ZN13CRobotCommPkg8CheckCRCEPhi)
    CRobotCommPkg::CRobotCommPkg()           0x08007017   Thumb Code     2  robotcomm.o(i._ZN13CRobotCommPkgC1Ev)
    CRobotCommPkg::CRobotCommPkg__sub_object() 0x08007017   Thumb Code     0  robotcomm.o(i._ZN13CRobotCommPkgC1Ev)
    CLowPassFilter::Filter(double)           0x08007019   Thumb Code    80  motionsimu.o(i._ZN14CLowPassFilter6FilterEd)
    CLowPassFilter::SetParams(double)        0x0800706d   Thumb Code     6  motionsimu.o(i._ZN14CLowPassFilter9SetParamsEd)
    CLowPassFilter::CLowPassFilter()         0x08007075   Thumb Code    16  motionsimu.o(i._ZN14CLowPassFilterC1Ev)
    CLowPassFilter::CLowPassFilter__sub_object() 0x08007075   Thumb Code     0  motionsimu.o(i._ZN14CLowPassFilterC1Ev)
    CMotionTracker::GetCurTime()             0x08007089   Thumb Code     4  motiontrack.o(i._ZN14CMotionTracker10GetCurTimeEv)
    CMotionTracker::Initialize(double*, double*) 0x0800708d   Thumb Code   150  motiontrack.o(i._ZN14CMotionTracker10InitializeEPdS0_)
    CMotionTracker::NewDestination(float*)   0x08007125   Thumb Code   148  motiontrack.o(i._ZN14CMotionTracker14NewDestinationEPf)
    CMotionTracker::Move(double*, double*)   0x080071c1   Thumb Code   536  motiontrack.o(i._ZN14CMotionTracker4MoveEPdS0_)
    CMotionTracker::CMotionTracker()         0x080073e9   Thumb Code   134  motiontrack.o(i._ZN14CMotionTrackerC1Ev)
    CMotionTracker::CMotionTracker__sub_object() 0x080073e9   Thumb Code     0  motiontrack.o(i._ZN14CMotionTrackerC1Ev)
    CHighPassFilter::Filter(double)          0x08007489   Thumb Code    40  motionsimu.o(i._ZN15CHighPassFilter6FilterEd)
    CHighPassFilter::CHighPassFilter()       0x080074b1   Thumb Code    20  motionsimu.o(i._ZN15CHighPassFilterC1Ev)
    CHighPassFilter::CHighPassFilter__sub_object() 0x080074b1   Thumb Code     0  motionsimu.o(i._ZN15CHighPassFilterC1Ev)
    CFilterAcc2Angle::Output(double)         0x080074c9   Thumb Code   122  motionsimu.o(i._ZN16CFilterAcc2Angle6OutputEd)
    CFilterAcc2Angle::RealAcc()              0x08007559   Thumb Code    36  motionsimu.o(i._ZN16CFilterAcc2Angle7RealAccEv)
    CFilterAcc2Angle::SetParams(double, double, double) 0x08007585   Thumb Code   154  motionsimu.o(i._ZN16CFilterAcc2Angle9SetParamsEddd)
    CFilterAcc2Angle::CFilterAcc2Angle()     0x08007635   Thumb Code    14  motionsimu.o(i._ZN16CFilterAcc2AngleC1Ev)
    CFilterAcc2Angle::CFilterAcc2Angle__sub_object() 0x08007635   Thumb Code     0  motionsimu.o(i._ZN16CFilterAcc2AngleC1Ev)
    CMotionSimulator::SampleOutputTime()     0x08007643   Thumb Code     6  motionsimu.o(i._ZN16CMotionSimulator16SampleOutputTimeEv)
    CMotionSimulator::FeedTargetAccAndSpd(double, double, double, double, double, double) 0x08007649   Thumb Code    42  motionsimu.o(i._ZN16CMotionSimulator19FeedTargetAccAndSpdEdddddd)
    CMotionSimulator::GetPlatformPosition(double&, double&, double&, double&, double&, double&) 0x08007673   Thumb Code   446  motionsimu.o(i._ZN16CMotionSimulator19GetPlatformPositionERdS0_S0_S0_S0_S0_)
    CMotionSimulator::SetParams(CMotionSimuParams) 0x08007831   Thumb Code   438  motionsimu.o(i._ZN16CMotionSimulator9SetParamsE17CMotionSimuParams)
    CMotionSimulator::CMotionSimulator()     0x080079f1   Thumb Code   110  motionsimu.o(i._ZN16CMotionSimulatorC1Ev)
    CMotionSimulator::CMotionSimulator__sub_object() 0x080079f1   Thumb Code     0  motionsimu.o(i._ZN16CMotionSimulatorC1Ev)
    CFilterAcc2Motion::Output(double)        0x08007a75   Thumb Code   370  motionsimu.o(i._ZN17CFilterAcc2Motion6OutputEd)
    CFilterAcc2Motion::RealAcc()             0x08007bed   Thumb Code     8  motionsimu.o(i._ZN17CFilterAcc2Motion7RealAccEv)
    CFilterAcc2Motion::SetParams(double, double, double, double) 0x08007bf5   Thumb Code    76  motionsimu.o(i._ZN17CFilterAcc2Motion9SetParamsEdddd)
    CFilterAcc2Motion::CFilterAcc2Motion()   0x08007c41   Thumb Code    74  motionsimu.o(i._ZN17CFilterAcc2MotionC1Ev)
    CFilterAcc2Motion::CFilterAcc2Motion__sub_object() 0x08007c41   Thumb Code     0  motionsimu.o(i._ZN17CFilterAcc2MotionC1Ev)
    CFilterRSpd2Angle::Output(double)        0x08007ca5   Thumb Code   192  motionsimu.o(i._ZN17CFilterRSpd2Angle6OutputEd)
    CFilterRSpd2Angle::RealSpd()             0x08007d69   Thumb Code     8  motionsimu.o(i._ZN17CFilterRSpd2Angle7RealSpdEv)
    CFilterRSpd2Angle::SetParams(double, double, double) 0x08007d71   Thumb Code    44  motionsimu.o(i._ZN17CFilterRSpd2Angle9SetParamsEddd)
    CFilterRSpd2Angle::CFilterRSpd2Angle()   0x08007d9d   Thumb Code    20  motionsimu.o(i._ZN17CFilterRSpd2AngleC1Ev)
    CFilterRSpd2Angle::CFilterRSpd2Angle__sub_object() 0x08007d9d   Thumb Code     0  motionsimu.o(i._ZN17CFilterRSpd2AngleC1Ev)
    CRobot::LimitServo(double)               0x08007db9   Thumb Code   258  robot.o(i._ZN6CRobot10LimitServoEd)
    CRobot::PlatformMove(double, double, double, double, double, double, bool) 0x08007ebb   Thumb Code   278  robot.o(i._ZN6CRobot12PlatformMoveEddddddb)
    CRobot::SetJackServo(int, double)        0x08007fd1   Thumb Code    76  robot.o(i._ZN6CRobot12SetJackServoEid)
    CRobot::SetJackLength(int, double)       0x0800801d   Thumb Code    76  robot.o(i._ZN6CRobot13SetJackLengthEid)
    CRobot::PlatformZeroed()                 0x08008069   Thumb Code    74  robot.o(i._ZN6CRobot14PlatformZeroedEv)
    CRobot::PlatformMinHeight()              0x080080b3   Thumb Code    18  robot.o(i._ZN6CRobot17PlatformMinHeightEv)
    CRobot::CalcPlatformHeight(double)       0x080080c5   Thumb Code   406  robot.o(i._ZN6CRobot18CalcPlatformHeightEd)
    CRobot::InitStructureParams()            0x08008265   Thumb Code   290  robot.o(i._ZN6CRobot19InitStructureParamsEv)
    CRobot::PosZ()                           0x0800838d   Thumb Code    12  ctrlsystem.o(i._ZN6CRobot4PosZEv)
    CRobot::Sigmoid(double)                  0x08008399   Thumb Code    94  robot.o(i._ZN6CRobot7SigmoidEd)
    CRobot::CRobot()                         0x080083fd   Thumb Code   130  robot.o(i._ZN6CRobotC1Ev)
    CRobot::CRobot__sub_object()             0x080083fd   Thumb Code     0  robot.o(i._ZN6CRobotC1Ev)
    CRobotFKP::CRobotFKP()                   0x0800847f   Thumb Code    18  robotfkp.o(i._ZN9CRobotFKPC1Ev)
    CRobotFKP::CRobotFKP__sub_object()       0x0800847f   Thumb Code     0  robotfkp.o(i._ZN9CRobotFKPC1Ev)
    CRobotIKP::CalcGlobalCoordination(double*, double*, double(*)[3], double(*)[3], int) 0x08008491   Thumb Code    86  robotikp.o(i._ZN9CRobotIKP22CalcGlobalCoordinationEPdS0_PA3_dS2_i)
    CRobotIKP::Move(double, double, double, double, double, double) 0x080084e7   Thumb Code   100  robotikp.o(i._ZN9CRobotIKP4MoveEdddddd)
    std::sqrt(float)                         0x0800854b   Thumb Code    12  junebugctrl.o(i._ZSt4sqrtf)
    __ARM_fpclassify                         0x08008557   Thumb Code    40  fpclassify.o(i.__ARM_fpclassify)
    __aeabi_vec_ctor_nocookie_nodtor         0x0800857f   Thumb Code    36  aeabi_vec_ctor_nocookie_nodtor.o(i.__aeabi_vec_ctor_nocookie_nodtor)
    __ieee754_rem_pio2                       0x080085a5   Thumb Code   828  rred.o(i.__ieee754_rem_pio2)
    __kernel_cos                             0x0800892d   Thumb Code   230  cos_i.o(i.__kernel_cos)
    __kernel_poly                            0x08008a29   Thumb Code   170  poly.o(i.__kernel_poly)
    __kernel_sin                             0x08008ad5   Thumb Code   224  sin_i.o(i.__kernel_sin)
    __mathlib_dbl_divzero                    0x08008bc1   Thumb Code    12  dunder.o(i.__mathlib_dbl_divzero)
    __mathlib_dbl_infnan                     0x08008bd1   Thumb Code     6  dunder.o(i.__mathlib_dbl_infnan)
    __mathlib_dbl_infnan2                    0x08008bd7   Thumb Code     4  dunder.o(i.__mathlib_dbl_infnan2)
    __mathlib_dbl_invalid                    0x08008bdb   Thumb Code    12  dunder.o(i.__mathlib_dbl_invalid)
    __mathlib_dbl_overflow                   0x08008be7   Thumb Code    14  dunder.o(i.__mathlib_dbl_overflow)
    __mathlib_dbl_underflow                  0x08008bf5   Thumb Code    10  dunder.o(i.__mathlib_dbl_underflow)
    _is_digit                                0x08008c25   Thumb Code    14  __printf_wp.o(i._is_digit)
    asin                                     0x08008c35   Thumb Code   572  asin.o(i.asin)
    atan                                     0x08008ea5   Thumb Code   474  atan.o(i.atan)
    cos                                      0x080090c5   Thumb Code   148  cos.o(i.cos)
    exp                                      0x08009161   Thumb Code   554  exp.o(i.exp)
    main                                     0x08009805   Thumb Code   120  main.o(i.main)
    pow                                      0x08009905   Thumb Code  2512  pow.o(i.pow)
    sin                                      0x0800a345   Thumb Code   150  sin.o(i.sin)
    sqrt                                     0x0800a3e5   Thumb Code    76  sqrt.o(i.sqrt)
    sqrtf                                    0x0800a431   Thumb Code    44  sqrtf.o(i.sqrtf)
    _get_lc_numeric                          0x0800a45d   Thumb Code    44  lc_numeric_c.o(locale$$code)
    _get_lc_ctype                            0x0800a489   Thumb Code    44  lc_ctype_c.o(locale$$code)
    __aeabi_d2f                              0x0800a4b5   Thumb Code     0  d2f.o(x$fpl$d2f)
    _d2f                                     0x0800a4b5   Thumb Code    98  d2f.o(x$fpl$d2f)
    __aeabi_dadd                             0x0800a519   Thumb Code     0  daddsub_clz.o(x$fpl$dadd)
    _dadd                                    0x0800a519   Thumb Code   332  daddsub_clz.o(x$fpl$dadd)
    __fpl_dcheck_NaN1                        0x0800a669   Thumb Code    10  dcheck1.o(x$fpl$dcheck1)
    __fpl_dcmp_Inf                           0x0800a679   Thumb Code    24  dcmpi.o(x$fpl$dcmpinf)
    __aeabi_ddiv                             0x0800a691   Thumb Code     0  ddiv.o(x$fpl$ddiv)
    _ddiv                                    0x0800a691   Thumb Code   552  ddiv.o(x$fpl$ddiv)
    __aeabi_cdcmpeq                          0x0800a941   Thumb Code     0  deqf.o(x$fpl$deqf)
    _dcmpeq                                  0x0800a941   Thumb Code   120  deqf.o(x$fpl$deqf)
    __aeabi_d2iz                             0x0800a9b9   Thumb Code     0  dfix.o(x$fpl$dfix)
    _dfix                                    0x0800a9b9   Thumb Code    94  dfix.o(x$fpl$dfix)
    __aeabi_d2uiz                            0x0800aa19   Thumb Code     0  dfixu.o(x$fpl$dfixu)
    _dfixu                                   0x0800aa19   Thumb Code    90  dfixu.o(x$fpl$dfixu)
    __aeabi_i2d                              0x0800aa73   Thumb Code     0  dflt_clz.o(x$fpl$dflt)
    _dflt                                    0x0800aa73   Thumb Code    46  dflt_clz.o(x$fpl$dflt)
    __aeabi_ui2d                             0x0800aaa1   Thumb Code     0  dflt_clz.o(x$fpl$dfltu)
    _dfltu                                   0x0800aaa1   Thumb Code    38  dflt_clz.o(x$fpl$dfltu)
    __aeabi_cdcmple                          0x0800aac9   Thumb Code     0  dleqf.o(x$fpl$dleqf)
    _dcmple                                  0x0800aac9   Thumb Code   120  dleqf.o(x$fpl$dleqf)
    __fpl_dcmple_InfNaN                      0x0800ab2b   Thumb Code     0  dleqf.o(x$fpl$dleqf)
    __aeabi_dmul                             0x0800ab41   Thumb Code     0  dmul.o(x$fpl$dmul)
    _dmul                                    0x0800ab41   Thumb Code   332  dmul.o(x$fpl$dmul)
    __fpl_dnaninf                            0x0800ac95   Thumb Code   156  dnaninf.o(x$fpl$dnaninf)
    __fpl_dretinf                            0x0800ad31   Thumb Code    12  dretinf.o(x$fpl$dretinf)
    __aeabi_cdrcmple                         0x0800ad3d   Thumb Code     0  drleqf.o(x$fpl$drleqf)
    _drcmple                                 0x0800ad3d   Thumb Code   108  drleqf.o(x$fpl$drleqf)
    __aeabi_drsub                            0x0800ada9   Thumb Code     0  daddsub_clz.o(x$fpl$drsb)
    _drsb                                    0x0800ada9   Thumb Code    22  daddsub_clz.o(x$fpl$drsb)
    _dsqrt                                   0x0800adc1   Thumb Code   456  dsqrt_noumaal.o(x$fpl$dsqrt)
    __aeabi_dsub                             0x0800af8d   Thumb Code     0  daddsub_clz.o(x$fpl$dsub)
    _dsub                                    0x0800af8d   Thumb Code   464  daddsub_clz.o(x$fpl$dsub)
    __aeabi_f2d                              0x0800b161   Thumb Code     0  f2d.o(x$fpl$f2d)
    _f2d                                     0x0800b161   Thumb Code    86  f2d.o(x$fpl$f2d)
    __aeabi_fadd                             0x0800b1b9   Thumb Code     0  faddsub_clz.o(x$fpl$fadd)
    _fadd                                    0x0800b1b9   Thumb Code   196  faddsub_clz.o(x$fpl$fadd)
    __fpl_fcmp_Inf                           0x0800b27d   Thumb Code    24  fcmpi.o(x$fpl$fcmpinf)
    __aeabi_fdiv                             0x0800b295   Thumb Code     0  fdiv.o(x$fpl$fdiv)
    _fdiv                                    0x0800b295   Thumb Code   384  fdiv.o(x$fpl$fdiv)
    __aeabi_cfcmpeq                          0x0800b419   Thumb Code     0  feqf.o(x$fpl$feqf)
    _fcmpeq                                  0x0800b419   Thumb Code   104  feqf.o(x$fpl$feqf)
    __aeabi_cfcmple                          0x0800b481   Thumb Code     0  fleqf.o(x$fpl$fleqf)
    _fcmple                                  0x0800b481   Thumb Code   104  fleqf.o(x$fpl$fleqf)
    __fpl_fcmple_InfNaN                      0x0800b4d3   Thumb Code     0  fleqf.o(x$fpl$fleqf)
    __aeabi_fmul                             0x0800b4e9   Thumb Code     0  fmul.o(x$fpl$fmul)
    _fmul                                    0x0800b4e9   Thumb Code   258  fmul.o(x$fpl$fmul)
    __fpl_fnaninf                            0x0800b5eb   Thumb Code   140  fnaninf.o(x$fpl$fnaninf)
    __fpl_fretinf                            0x0800b677   Thumb Code    10  fretinf.o(x$fpl$fretinf)
    __aeabi_cfrcmple                         0x0800b681   Thumb Code     0  frleqf.o(x$fpl$frleqf)
    _frcmple                                 0x0800b681   Thumb Code    98  frleqf.o(x$fpl$frleqf)
    __aeabi_frsub                            0x0800b6e3   Thumb Code     0  faddsub_clz.o(x$fpl$frsb)
    _frsb                                    0x0800b6e3   Thumb Code    20  faddsub_clz.o(x$fpl$frsb)
    _fsqrt                                   0x0800b6f9   Thumb Code   272  fsqrt.o(x$fpl$fsqrt)
    __aeabi_fsub                             0x0800b809   Thumb Code     0  faddsub_clz.o(x$fpl$fsub)
    _fsub                                    0x0800b809   Thumb Code   234  faddsub_clz.o(x$fpl$fsub)
    _printf_fp_dec                           0x0800b8f3   Thumb Code     4  printf1.o(x$fpl$printf1)
    _printf_fp_hex                           0x0800b8f7   Thumb Code     4  printf2.o(x$fpl$printf2)
    __fpl_return_NaN                         0x0800b8fb   Thumb Code   100  retnan.o(x$fpl$retnan)
    __ARM_scalbn                             0x0800b95f   Thumb Code    92  scalbn.o(x$fpl$scalbn)
    __fpl_cmpreturn                          0x0800b9bb   Thumb Code    48  trapv.o(x$fpl$trapveneer)
    __I$use$fp                               0x0800b9ea   Number         0  usenofp.o(x$fpl$usenofp)
    aAPBAHBPrescTable                        0x0800b9ea   Data          16  stm32f1xx_hal_rcc.o(.constdata)
    __mathlib_zero                           0x0800bc88   Data           8  qnan.o(.constdata)
    vtable for CLowPassFilter                0x0800be3c   Data          16  motionsimu.o(.constdata__ZTV14CLowPassFilter)
    vtable for CHighPassFilter               0x0800be4c   Data          16  motionsimu.o(.constdata__ZTV15CHighPassFilter)
    Region$$Table$$Base                      0x0800be5c   Number         0  anon$$obj.o(Region$$Table)
    Region$$Table$$Limit                     0x0800be7c   Number         0  anon$$obj.o(Region$$Table)
    __ctype                                  0x0800bea5   Data           0  lc_ctype_c.o(locale$$data)
    SHT$$INIT_ARRAY$$Base                    0x0800bfa8   Number         0  ctrlboard.o(.init_array)
    SHT$$INIT_ARRAY$$Limit                   0x0800bfb0   Number         0  init_aeabi.o(.init_array)
    fsmc                                     0x20000000   Data           4  fsmc.o(.data)
    led                                      0x20000004   Data           4  led.o(.data)
    system_clock                             0x20000008   Data           4  system_clock.o(.data)
    SystemCoreClock                          0x2000000c   Data           4  system_stm32f1xx.o(.data)
    usart2                                   0x20000010   Data         132  usart.o(.data)
    usart3                                   0x20000094   Data         132  usart.o(.data)
    wwdg                                     0x20000118   Data           8  wwdg.o(.data)
    exti                                     0x20000120   Data           4  exti.o(.data)
    xx                                       0x20000124   Data           4  exti.o(.data)
    CRobotBasic::__SinInited                 0x20000130   Data           1  robotbasic.o(.data)
    hsram1                                   0x20000134   Data          68  fsmc.o(.bss)
    huart2                                   0x20000178   Data          64  usart.o(.bss)
    huart3                                   0x200001b8   Data          64  usart.o(.bss)
    hwwdg                                    0x200001f8   Data          20  wwdg.o(.bss)
    CtrlBoard                                0x2000020c   Data          24  ctrlboard.o(.bss)
    CtrlSystem                               0x20000228   Data        6208  ctrlsystem.o(.bss)
    CRobotBasic::__SinValue                  0x20001a68   Data       14408  robotbasic.o(.bss)
    CRobotBasic::__CosValue                  0x200052b0   Data       14408  robotbasic.o(.bss)
    __libspace_start                         0x20008af8   Data          96  libspace.o(.bss)
    __temporary_stack_top$libspace           0x20008b58   Data           0  libspace.o(.bss)



==============================================================================

Memory Map of the image

  Image Entry point : 0x08000131

  Load Region LR_IROM1 (Base: 0x08000000, Size: 0x0000c0e4, Max: 0x00080000, ABSOLUTE, COMPRESSED[0x0000bfe8])

    Execution Region ER_IROM1 (Base: 0x08000000, Size: 0x0000bfb0, Max: 0x00080000, ABSOLUTE)

    Base Addr    Size         Type   Attr      Idx    E Section Name        Object

    0x08000000   0x00000130   Data   RO            3    RESET               startup_stm32f103xe.o
    0x08000130   0x00000008   Code   RO         3590  * !!!main             c_w.l(__main.o)
    0x08000138   0x00000034   Code   RO         4397    !!!scatter          c_w.l(__scatter.o)
    0x0800016c   0x0000005a   Code   RO         4395    !!dczerorl2         c_w.l(__dczerorl2.o)
    0x080001c6   0x00000002   PAD
    0x080001c8   0x0000001c   Code   RO         4399    !!handler_zi        c_w.l(__scatter_zi.o)
    0x080001e4   0x00000000   Code   RO         3937    .ARM.Collect$$_printf_percent$$00000000  c_w.l(_printf_percent.o)
    0x080001e4   0x00000006   Code   RO         3926    .ARM.Collect$$_printf_percent$$00000001  c_w.l(_printf_n.o)
    0x080001ea   0x00000006   Code   RO         3928    .ARM.Collect$$_printf_percent$$00000002  c_w.l(_printf_p.o)
    0x080001f0   0x00000006   Code   RO         3933    .ARM.Collect$$_printf_percent$$00000003  c_w.l(_printf_f.o)
    0x080001f6   0x00000006   Code   RO         3934    .ARM.Collect$$_printf_percent$$00000004  c_w.l(_printf_e.o)
    0x080001fc   0x00000006   Code   RO         3935    .ARM.Collect$$_printf_percent$$00000005  c_w.l(_printf_g.o)
    0x08000202   0x00000006   Code   RO         3936    .ARM.Collect$$_printf_percent$$00000006  c_w.l(_printf_a.o)
    0x08000208   0x0000000a   Code   RO         3941    .ARM.Collect$$_printf_percent$$00000007  c_w.l(_printf_ll.o)
    0x08000212   0x00000006   Code   RO         3930    .ARM.Collect$$_printf_percent$$00000008  c_w.l(_printf_i.o)
    0x08000218   0x00000006   Code   RO         3931    .ARM.Collect$$_printf_percent$$00000009  c_w.l(_printf_d.o)
    0x0800021e   0x00000006   Code   RO         3932    .ARM.Collect$$_printf_percent$$0000000A  c_w.l(_printf_u.o)
    0x08000224   0x00000006   Code   RO         3929    .ARM.Collect$$_printf_percent$$0000000B  c_w.l(_printf_o.o)
    0x0800022a   0x00000006   Code   RO         3927    .ARM.Collect$$_printf_percent$$0000000C  c_w.l(_printf_x.o)
    0x08000230   0x00000006   Code   RO         3938    .ARM.Collect$$_printf_percent$$0000000D  c_w.l(_printf_lli.o)
    0x08000236   0x00000006   Code   RO         3939    .ARM.Collect$$_printf_percent$$0000000E  c_w.l(_printf_lld.o)
    0x0800023c   0x00000006   Code   RO         3940    .ARM.Collect$$_printf_percent$$0000000F  c_w.l(_printf_llu.o)
    0x08000242   0x00000006   Code   RO         3945    .ARM.Collect$$_printf_percent$$00000010  c_w.l(_printf_llo.o)
    0x08000248   0x00000006   Code   RO         3946    .ARM.Collect$$_printf_percent$$00000011  c_w.l(_printf_llx.o)
    0x0800024e   0x0000000a   Code   RO         3942    .ARM.Collect$$_printf_percent$$00000012  c_w.l(_printf_l.o)
    0x08000258   0x00000006   Code   RO         3924    .ARM.Collect$$_printf_percent$$00000013  c_w.l(_printf_c.o)
    0x0800025e   0x00000006   Code   RO         3925    .ARM.Collect$$_printf_percent$$00000014  c_w.l(_printf_s.o)
    0x08000264   0x00000006   Code   RO         3943    .ARM.Collect$$_printf_percent$$00000015  c_w.l(_printf_lc.o)
    0x0800026a   0x00000006   Code   RO         3944    .ARM.Collect$$_printf_percent$$00000016  c_w.l(_printf_ls.o)
    0x08000270   0x00000004   Code   RO         4103    .ARM.Collect$$_printf_percent$$00000017  c_w.l(_printf_percent_end.o)
    0x08000274   0x00000002   Code   RO         4244    .ARM.Collect$$libinit$$00000000  c_w.l(libinit.o)
    0x08000276   0x00000000   Code   RO         3948    .ARM.Collect$$libinit$$00000002  c_w.l(libinit2.o)
    0x08000276   0x00000000   Code   RO         3950    .ARM.Collect$$libinit$$00000004  c_w.l(libinit2.o)
    0x08000276   0x00000000   Code   RO         3953    .ARM.Collect$$libinit$$0000000A  c_w.l(libinit2.o)
    0x08000276   0x00000000   Code   RO         3955    .ARM.Collect$$libinit$$0000000C  c_w.l(libinit2.o)
    0x08000276   0x00000000   Code   RO         3957    .ARM.Collect$$libinit$$0000000E  c_w.l(libinit2.o)
    0x08000276   0x00000006   Code   RO         3958    .ARM.Collect$$libinit$$0000000F  c_w.l(libinit2.o)
    0x0800027c   0x00000000   Code   RO         3960    .ARM.Collect$$libinit$$00000011  c_w.l(libinit2.o)
    0x0800027c   0x0000000c   Code   RO         3961    .ARM.Collect$$libinit$$00000012  c_w.l(libinit2.o)
    0x08000288   0x00000000   Code   RO         3962    .ARM.Collect$$libinit$$00000013  c_w.l(libinit2.o)
    0x08000288   0x00000000   Code   RO         3964    .ARM.Collect$$libinit$$00000015  c_w.l(libinit2.o)
    0x08000288   0x0000000a   Code   RO         3965    .ARM.Collect$$libinit$$00000016  c_w.l(libinit2.o)
    0x08000292   0x00000000   Code   RO         3966    .ARM.Collect$$libinit$$00000017  c_w.l(libinit2.o)
    0x08000292   0x00000000   Code   RO         3968    .ARM.Collect$$libinit$$00000019  c_w.l(libinit2.o)
    0x08000292   0x00000000   Code   RO         3970    .ARM.Collect$$libinit$$0000001B  c_w.l(libinit2.o)
    0x08000292   0x00000000   Code   RO         3972    .ARM.Collect$$libinit$$0000001D  c_w.l(libinit2.o)
    0x08000292   0x00000000   Code   RO         3974    .ARM.Collect$$libinit$$0000001F  c_w.l(libinit2.o)
    0x08000292   0x00000000   Code   RO         3976    .ARM.Collect$$libinit$$00000021  c_w.l(libinit2.o)
    0x08000292   0x00000000   Code   RO         3978    .ARM.Collect$$libinit$$00000023  c_w.l(libinit2.o)
    0x08000292   0x00000000   Code   RO         3980    .ARM.Collect$$libinit$$00000025  c_w.l(libinit2.o)
    0x08000292   0x00000000   Code   RO         3984    .ARM.Collect$$libinit$$0000002C  c_w.l(libinit2.o)
    0x08000292   0x00000000   Code   RO         3986    .ARM.Collect$$libinit$$0000002E  c_w.l(libinit2.o)
    0x08000292   0x00000000   Code   RO         3988    .ARM.Collect$$libinit$$00000030  c_w.l(libinit2.o)
    0x08000292   0x00000004   Code   RO         3989    .ARM.Collect$$libinit$$00000031  c_w.l(libinit2.o)
    0x08000296   0x00000000   Code   RO         3990    .ARM.Collect$$libinit$$00000032  c_w.l(libinit2.o)
    0x08000296   0x00000002   Code   RO         3991    .ARM.Collect$$libinit$$00000033  c_w.l(libinit2.o)
    0x08000298   0x00000002   Code   RO         4354    .ARM.Collect$$libshutdown$$00000000  c_w.l(libshutdown.o)
    0x0800029a   0x00000000   Code   RO         4364    .ARM.Collect$$libshutdown$$00000002  c_w.l(libshutdown2.o)
    0x0800029a   0x00000000   Code   RO         4366    .ARM.Collect$$libshutdown$$00000004  c_w.l(libshutdown2.o)
    0x0800029a   0x00000000   Code   RO         4369    .ARM.Collect$$libshutdown$$00000007  c_w.l(libshutdown2.o)
    0x0800029a   0x00000000   Code   RO         4372    .ARM.Collect$$libshutdown$$0000000A  c_w.l(libshutdown2.o)
    0x0800029a   0x00000000   Code   RO         4374    .ARM.Collect$$libshutdown$$0000000C  c_w.l(libshutdown2.o)
    0x0800029a   0x00000000   Code   RO         4377    .ARM.Collect$$libshutdown$$0000000F  c_w.l(libshutdown2.o)
    0x0800029a   0x00000002   Code   RO         4378    .ARM.Collect$$libshutdown$$00000010  c_w.l(libshutdown2.o)
    0x0800029c   0x00000000   Code   RO         3853    .ARM.Collect$$rtentry$$00000000  c_w.l(__rtentry.o)
    0x0800029c   0x00000000   Code   RO         4069    .ARM.Collect$$rtentry$$00000002  c_w.l(__rtentry2.o)
    0x0800029c   0x00000006   Code   RO         4081    .ARM.Collect$$rtentry$$00000004  c_w.l(__rtentry4.o)
    0x080002a2   0x00000000   Code   RO         4071    .ARM.Collect$$rtentry$$00000009  c_w.l(__rtentry2.o)
    0x080002a2   0x00000004   Code   RO         4072    .ARM.Collect$$rtentry$$0000000A  c_w.l(__rtentry2.o)
    0x080002a6   0x00000000   Code   RO         4074    .ARM.Collect$$rtentry$$0000000C  c_w.l(__rtentry2.o)
    0x080002a6   0x00000008   Code   RO         4075    .ARM.Collect$$rtentry$$0000000D  c_w.l(__rtentry2.o)
    0x080002ae   0x00000002   Code   RO         4265    .ARM.Collect$$rtexit$$00000000  c_w.l(rtexit.o)
    0x080002b0   0x00000000   Code   RO         4323    .ARM.Collect$$rtexit$$00000002  c_w.l(rtexit2.o)
    0x080002b0   0x00000004   Code   RO         4324    .ARM.Collect$$rtexit$$00000003  c_w.l(rtexit2.o)
    0x080002b4   0x00000006   Code   RO         4325    .ARM.Collect$$rtexit$$00000004  c_w.l(rtexit2.o)
    0x080002ba   0x00000002   PAD
    0x080002bc   0x00000040   Code   RO            4    .text               startup_stm32f103xe.o
    0x080002fc   0x00000024   Code   RO         3580    .text               c_w.l(vsprintf.o)
    0x08000320   0x0000008a   Code   RO         3582    .text               c_w.l(rt_memcpy_v6.o)
    0x080003aa   0x00000064   Code   RO         3584    .text               c_w.l(rt_memcpy_w.o)
    0x0800040e   0x0000004e   Code   RO         3586    .text               c_w.l(rt_memclr_w.o)
    0x0800045c   0x00000006   Code   RO         3588    .text               c_w.l(heapauxi.o)
    0x08000462   0x00000002   PAD
    0x08000464   0x00000024   Code   RO         3595    .text               c_w.l(init_aeabi.o)
    0x08000488   0x00000016   Code   RO         3854    .text               c_w.l(_rserrno.o)
    0x0800049e   0x0000004e   Code   RO         3858    .text               c_w.l(_printf_pad.o)
    0x080004ec   0x00000024   Code   RO         3860    .text               c_w.l(_printf_truncate.o)
    0x08000510   0x00000052   Code   RO         3862    .text               c_w.l(_printf_str.o)
    0x08000562   0x00000002   PAD
    0x08000564   0x00000078   Code   RO         3864    .text               c_w.l(_printf_dec.o)
    0x080005dc   0x00000028   Code   RO         3866    .text               c_w.l(_printf_charcount.o)
    0x08000604   0x00000030   Code   RO         3868    .text               c_w.l(_printf_char_common.o)
    0x08000634   0x0000000a   Code   RO         3870    .text               c_w.l(_sputc.o)
    0x0800063e   0x00000002   PAD
    0x08000640   0x000000bc   Code   RO         3872    .text               c_w.l(_printf_wctomb.o)
    0x080006fc   0x0000007c   Code   RO         3875    .text               c_w.l(_printf_longlong_dec.o)
    0x08000778   0x00000070   Code   RO         3881    .text               c_w.l(_printf_oct_int_ll.o)
    0x080007e8   0x00000094   Code   RO         3901    .text               c_w.l(_printf_hex_int_ll_ptr.o)
    0x0800087c   0x00000188   Code   RO         3921    .text               c_w.l(__printf_flags_ss_wp.o)
    0x08000a04   0x00000008   Code   RO         4086    .text               c_w.l(rt_errno_addr_intlibspace.o)
    0x08000a0c   0x0000008a   Code   RO         4088    .text               c_w.l(lludiv10.o)
    0x08000a96   0x000000b2   Code   RO         4090    .text               c_w.l(_printf_intcommon.o)
    0x08000b48   0x0000041a   Code   RO         4092    .text               c_w.l(_printf_fp_dec.o)
    0x08000f62   0x00000002   PAD
    0x08000f64   0x000002fc   Code   RO         4094    .text               c_w.l(_printf_fp_hex.o)
    0x08001260   0x0000002c   Code   RO         4099    .text               c_w.l(_printf_char.o)
    0x0800128c   0x0000002c   Code   RO         4101    .text               c_w.l(_printf_wchar.o)
    0x080012b8   0x00000040   Code   RO         4104    .text               c_w.l(_wcrtomb.o)
    0x080012f8   0x00000008   Code   RO         4128    .text               c_w.l(libspace.o)
    0x08001300   0x0000004a   Code   RO         4131    .text               c_w.l(sys_stackheap_outer.o)
    0x0800134a   0x00000002   PAD
    0x0800134c   0x00000010   Code   RO         4133    .text               c_w.l(rt_ctype_table.o)
    0x0800135c   0x00000008   Code   RO         4138    .text               c_w.l(rt_locale_intlibspace.o)
    0x08001364   0x00000080   Code   RO         4201    .text               c_w.l(_printf_fp_infnan.o)
    0x080013e4   0x000000dc   Code   RO         4203    .text               c_w.l(bigflt0.o)
    0x080014c0   0x00000012   Code   RO         4231    .text               c_w.l(exit.o)
    0x080014d2   0x00000002   PAD
    0x080014d4   0x0000000c   Code   RO         4261    .text               c_w.l(sys_exit.o)
    0x080014e0   0x00000080   Code   RO         4313    .text               c_w.l(strcmpv7m.o)
    0x08001560   0x00000002   Code   RO         4319    .text               c_w.l(use_no_semi.o)
    0x08001562   0x00000000   Code   RO         4321    .text               c_w.l(indicate_semi.o)
    0x08001562   0x0000003e   Code   RO         4206    CL$$btod_d2e        c_w.l(btod.o)
    0x080015a0   0x00000046   Code   RO         4208    CL$$btod_d2e_denorm_low  c_w.l(btod.o)
    0x080015e6   0x00000060   Code   RO         4207    CL$$btod_d2e_norm_op1  c_w.l(btod.o)
    0x08001646   0x00000338   Code   RO         4216    CL$$btod_div_common  c_w.l(btod.o)
    0x0800197e   0x000000c6   Code   RO         4213    CL$$btod_e2e        c_w.l(btod.o)
    0x08001a44   0x00000028   Code   RO         4210    CL$$btod_ediv       c_w.l(btod.o)
    0x08001a6c   0x00000028   Code   RO         4209    CL$$btod_emul       c_w.l(btod.o)
    0x08001a94   0x00000244   Code   RO         4215    CL$$btod_mult_common  c_w.l(btod.o)
    0x08001cd8   0x00000004   Code   RO          233    i.BusFault_Handler  stm32f1xx_it.o
    0x08001cdc   0x00000002   Code   RO          234    i.DebugMon_Handler  stm32f1xx_it.o
    0x08001cde   0x00000002   PAD
    0x08001ce0   0x0000006c   Code   RO          545    i.EXTI4_IRQHandler  exti.o
    0x08001d4c   0x00000064   Code   RO         1572    i.FSMC_NORSRAM_Extended_Timing_Init  stm32f1xx_ll_fsmc.o
    0x08001db0   0x000000a8   Code   RO         1573    i.FSMC_NORSRAM_Init  stm32f1xx_ll_fsmc.o
    0x08001e58   0x0000007c   Code   RO         1574    i.FSMC_NORSRAM_Timing_Init  stm32f1xx_ll_fsmc.o
    0x08001ed4   0x00000018   Code   RO         3515    i.FdkForUART2       ctrlinterface.o
    0x08001eec   0x00000018   Code   RO         3516    i.FdkForUART3       ctrlinterface.o
    0x08001f04   0x0000001a   Code   RO          664    i.HAL_Delay         stm32f1xx_hal.o
    0x08001f1e   0x00000002   PAD
    0x08001f20   0x00000340   Code   RO         1036    i.HAL_GPIO_Init     stm32f1xx_hal_gpio.o
    0x08002260   0x0000000c   Code   RO         1040    i.HAL_GPIO_WritePin  stm32f1xx_hal_gpio.o
    0x0800226c   0x0000000c   Code   RO          668    i.HAL_GetTick       stm32f1xx_hal.o
    0x08002278   0x00000010   Code   RO          669    i.HAL_IncTick       stm32f1xx_hal.o
    0x08002288   0x00000028   Code   RO          670    i.HAL_Init          stm32f1xx_hal.o
    0x080022b0   0x00000024   Code   RO          671    i.HAL_InitTick      stm32f1xx_hal.o
    0x080022d4   0x00000002   Code   RO          673    i.HAL_MspInit       stm32f1xx_hal.o
    0x080022d6   0x0000001a   Code   RO          793    i.HAL_NVIC_EnableIRQ  stm32f1xx_hal_cortex.o
    0x080022f0   0x0000007c   Code   RO          799    i.HAL_NVIC_SetPriority  stm32f1xx_hal_cortex.o
    0x0800236c   0x00000028   Code   RO          800    i.HAL_NVIC_SetPriorityGrouping  stm32f1xx_hal_cortex.o
    0x08002394   0x00000434   Code   RO         1768    i.HAL_RCC_ClockConfig  stm32f1xx_hal_rcc.o
    0x080027c8   0x00000038   Code   RO         1773    i.HAL_RCC_GetHCLKFreq  stm32f1xx_hal_rcc.o
    0x08002800   0x0000002c   Code   RO         1775    i.HAL_RCC_GetPCLK1Freq  stm32f1xx_hal_rcc.o
    0x0800282c   0x0000002c   Code   RO         1776    i.HAL_RCC_GetPCLK2Freq  stm32f1xx_hal_rcc.o
    0x08002858   0x000000b4   Code   RO         1777    i.HAL_RCC_GetSysClockFreq  stm32f1xx_hal_rcc.o
    0x0800290c   0x00000988   Code   RO         1780    i.HAL_RCC_OscConfig  stm32f1xx_hal_rcc.o
    0x08003294   0x00000058   Code   RO          917    i.HAL_SRAM_Init     stm32f1xx_hal_sram.o
    0x080032ec   0x00000002   Code   RO          919    i.HAL_SRAM_MspInit  stm32f1xx_hal_sram.o
    0x080032ee   0x00000028   Code   RO          802    i.HAL_SYSTICK_CLKSourceConfig  stm32f1xx_hal_cortex.o
    0x08003316   0x00000002   Code   RO          803    i.HAL_SYSTICK_Callback  stm32f1xx_hal_cortex.o
    0x08003318   0x00000034   Code   RO          804    i.HAL_SYSTICK_Config  stm32f1xx_hal_cortex.o
    0x0800334c   0x00000008   Code   RO          805    i.HAL_SYSTICK_IRQHandler  stm32f1xx_hal_cortex.o
    0x08003354   0x00000002   Code   RO         1334    i.HAL_UART_ErrorCallback  stm32f1xx_hal_uart.o
    0x08003356   0x00000008   Code   RO         1336    i.HAL_UART_GetState  stm32f1xx_hal_uart.o
    0x0800335e   0x000000da   Code   RO         1337    i.HAL_UART_IRQHandler  stm32f1xx_hal_uart.o
    0x08003438   0x0000006e   Code   RO         1338    i.HAL_UART_Init     stm32f1xx_hal_uart.o
    0x080034a6   0x00000002   PAD
    0x080034a8   0x0000010c   Code   RO          375    i.HAL_UART_MspInit  usart.o
    0x080035b4   0x00000086   Code   RO         1343    i.HAL_UART_Receive_IT  stm32f1xx_hal_uart.o
    0x0800363a   0x00000002   Code   RO         1344    i.HAL_UART_RxCpltCallback  stm32f1xx_hal_uart.o
    0x0800363c   0x000000f0   Code   RO         1346    i.HAL_UART_Transmit  stm32f1xx_hal_uart.o
    0x0800372c   0x00000002   Code   RO         1349    i.HAL_UART_TxCpltCallback  stm32f1xx_hal_uart.o
    0x0800372e   0x00000048   Code   RO         1875    i.HAL_WWDG_Init     stm32f1xx_hal_wwdg.o
    0x08003776   0x00000002   PAD
    0x08003778   0x00000044   Code   RO          499    i.HAL_WWDG_MspInit  wwdg.o
    0x080037bc   0x00000036   Code   RO         1878    i.HAL_WWDG_Refresh  stm32f1xx_hal_wwdg.o
    0x080037f2   0x00000004   Code   RO          235    i.HardFault_Handler  stm32f1xx_it.o
    0x080037f6   0x00000004   Code   RO          236    i.MemManage_Handler  stm32f1xx_it.o
    0x080037fa   0x00000002   Code   RO          237    i.NMI_Handler       stm32f1xx_it.o
    0x080037fc   0x00000010   Code   RO          806    i.NVIC_GetPriorityGrouping  stm32f1xx_hal_cortex.o
    0x0800380c   0x00000028   Code   RO          807    i.NVIC_SetPriority  stm32f1xx_hal_cortex.o
    0x08003834   0x00000002   Code   RO          238    i.PendSV_Handler    stm32f1xx_it.o
    0x08003836   0x00000002   PAD
    0x08003838   0x00000014   Code   RO         3517    i.RcvByteFromUART2  ctrlinterface.o
    0x0800384c   0x00000014   Code   RO         3518    i.RcvByteFromUART3  ctrlinterface.o
    0x08003860   0x00000010   Code   RO         3519    i.RobotCtrl         ctrlinterface.o
    0x08003870   0x00000002   Code   RO          239    i.SVC_Handler       stm32f1xx_it.o
    0x08003872   0x00000034   Code   RO          376    i.SendBuffer        usart.o
    0x080038a6   0x0000000c   Code   RO          240    i.SysTick_Handler   stm32f1xx_it.o
    0x080038b2   0x00000002   PAD
    0x080038b4   0x00000058   Code   RO          338    i.SystemInit        system_stm32f1xx.o
    0x0800390c   0x00000030   Code   RO         1356    i.UART_EndTransmit_IT  stm32f1xx_hal_uart.o
    0x0800393c   0x000000bc   Code   RO         1357    i.UART_Receive_IT   stm32f1xx_hal_uart.o
    0x080039f8   0x00000128   Code   RO         1358    i.UART_SetConfig    stm32f1xx_hal_uart.o
    0x08003b20   0x00000070   Code   RO         1359    i.UART_Transmit_IT  stm32f1xx_hal_uart.o
    0x08003b90   0x000000fa   Code   RO         1360    i.UART_WaitOnFlagUntilTimeout  stm32f1xx_hal_uart.o
    0x08003c8a   0x00000002   PAD
    0x08003c8c   0x0000006c   Code   RO          377    i.USART2_IRQHandler  usart.o
    0x08003cf8   0x0000006c   Code   RO          378    i.USART3_IRQHandler  usart.o
    0x08003d64   0x00000004   Code   RO          241    i.UsageFault_Handler  stm32f1xx_it.o
    0x08003d68   0x0000001a   Code   RO         2001    i._Z10CopyVectorPdS_  basiccalc.o
    0x08003d82   0x00000014   Code   RO         2002    i._Z10CopyVectorPdddd  basiccalc.o
    0x08003d96   0x0000004a   Code   RO         2009    i._Z15VectorAddVectorPdS_S_  basiccalc.o
    0x08003de0   0x0000010e   Code   RO         2014    i._Z17MatrixMultiVectorPdPA3_dS_  basiccalc.o
    0x08003eee   0x00000002   PAD
    0x08003ef0   0x000001fc   Code   RO         2016    i._Z19RotateMatrixByEulerPA3_dPd  basiccalc.o
    0x080040ec   0x00000040   Code   RO         2018    i._Z5Limitddd       basiccalc.o
    0x0800412c   0x000000b0   Code   RO         2019    i._Z8DistancePdS_   basiccalc.o
    0x080041dc   0x00000024   Code   RO         1967    i._ZN10CAccSensorC1Ev  accsensor.o
    0x08004200   0x00000006   Code   RO         2157    i._ZN10CCtrlBoard11FdkForUART2EPPhPi  ctrlboard.o
    0x08004206   0x00000002   PAD
    0x08004208   0x00000018   Code   RO         2158    i._ZN10CCtrlBoard11FdkForUART3EPPhPi  ctrlboard.o
    0x08004220   0x00000060   Code   RO         2159    i._ZN10CCtrlBoard11OutputPulseEii  ctrlboard.o
    0x08004280   0x0000000e   Code   RO         2242    i._ZN10CCtrlBoard13WritePulseCntEii  ctrlboard.o
    0x0800428e   0x00000002   PAD
    0x08004290   0x0000000c   Code   RO         2248    i._ZN10CCtrlBoard14WriteDirectionEi  ctrlboard.o
    0x0800429c   0x0000005a   Code   RO         2160    i._ZN10CCtrlBoard15OutputDirectionEPb  ctrlboard.o
    0x080042f6   0x00000018   Code   RO         2161    i._ZN10CCtrlBoard15OutputDirectionEb  ctrlboard.o
    0x0800430e   0x00000002   PAD
    0x08004310   0x0000004c   Code   RO         2162    i._ZN10CCtrlBoard15RefreshDIStatusEv  ctrlboard.o
    0x0800435c   0x00000004   Code   RO         2163    i._ZN10CCtrlBoard16RcvByteFromUART2Eh  ctrlboard.o
    0x08004360   0x00000014   Code   RO         2164    i._ZN10CCtrlBoard16RcvByteFromUART3Eh  ctrlboard.o
    0x08004374   0x0000001e   Code   RO         2165    i._ZN10CCtrlBoard16RefreshPulseLeftEv  ctrlboard.o
    0x08004392   0x0000000c   Code   RO         2236    i._ZN10CCtrlBoard16WriteFreqDivBaseEii  ctrlboard.o
    0x0800439e   0x00000002   PAD
    0x080043a0   0x0000004c   Code   RO         2166    i._ZN10CCtrlBoardC1Ev  ctrlboard.o
    0x080043ec   0x00000020   Code   RO         2574    i._ZN10CMoveTrace4StopEv  cubictrace.o
    0x0800440c   0x00000020   Code   RO         2575    i._ZN10CMoveTrace5DecayEv  cubictrace.o
    0x0800442c   0x0000002e   Code   RO         2577    i._ZN10CMoveTrace5SpeedEfPf  cubictrace.o
    0x0800445a   0x0000002e   Code   RO         2578    i._ZN10CMoveTrace8PositionEfPf  cubictrace.o
    0x08004488   0x000000ac   Code   RO         2579    i._ZN10CMoveTrace8ScheduleEPfS0_S0_S0_  cubictrace.o
    0x08004534   0x0000004c   Code   RO         2580    i._ZN10CMoveTrace8ScheduleEfPfS0_S0_S0_  cubictrace.o
    0x08004580   0x00000070   Code   RO         2420    i._ZN11CCtrlSystem10StableCtrlEv  ctrlsystem.o
    0x080045f0   0x000000b8   Code   RO         2421    i._ZN11CCtrlSystem11JuneBugCtrlEv  ctrlsystem.o
    0x080046a8   0x000000d2   Code   RO         2422    i._ZN11CCtrlSystem14DirectJackCtrlEv  ctrlsystem.o
    0x0800477a   0x000000ae   Code   RO         2423    i._ZN11CCtrlSystem14MotionSimuCtrlEv  ctrlsystem.o
    0x08004828   0x0000005e   Code   RO         2424    i._ZN11CCtrlSystem14RcvCommandByteEc  ctrlsystem.o
    0x08004886   0x00000002   PAD
    0x08004888   0x000001e4   Code   RO         2426    i._ZN11CCtrlSystem16ExtractCtrlOrderEv  ctrlsystem.o
    0x08004a6c   0x00000084   Code   RO         2427    i._ZN11CCtrlSystem17OnCtrlModeChangedEi  ctrlsystem.o
    0x08004af0   0x000000fc   Code   RO         2428    i._ZN11CCtrlSystem19DirectPosEurlarCtrlEv  ctrlsystem.o
    0x08004bec   0x0000001a   Code   RO         2429    i._ZN11CCtrlSystem5ResetEv  ctrlsystem.o
    0x08004c06   0x00000074   Code   RO         2430    i._ZN11CCtrlSystem7ControlEv  ctrlsystem.o
    0x08004c7a   0x00000002   PAD
    0x08004c7c   0x00000040   Code   RO         2431    i._ZN11CCtrlSystem8LedFlickEv  ctrlsystem.o
    0x08004cbc   0x00000020   Code   RO         2432    i._ZN11CCtrlSystem9FdkBufferEPPhPi  ctrlsystem.o
    0x08004cdc   0x000000f4   Code   RO         2433    i._ZN11CCtrlSystem9ResetCtrlEv  ctrlsystem.o
    0x08004dd0   0x0000026c   Code   RO         2434    i._ZN11CCtrlSystemC1Ev  ctrlsystem.o
    0x0800503c   0x0000002a   Code   RO         2673    i._ZN11CCubicTrace3MaxEdd  cubictrace.o
    0x08005066   0x00000010   Code   RO         2581    i._ZN11CCubicTrace4StopEv  cubictrace.o
    0x08005076   0x00000046   Code   RO         2582    i._ZN11CCubicTrace5DecayEv  cubictrace.o
    0x080050bc   0x00000098   Code   RO         2583    i._ZN11CCubicTrace5SpeedEf  cubictrace.o
    0x08005154   0x00000090   Code   RO         2584    i._ZN11CCubicTrace6MaxAccEf  cubictrace.o
    0x080051e4   0x00000188   Code   RO         2585    i._ZN11CCubicTrace7RefreshEfffff  cubictrace.o
    0x0800536c   0x00000014   Code   RO         2586    i._ZN11CCubicTrace7SetZeroEv  cubictrace.o
    0x08005380   0x0000016c   Code   RO         2587    i._ZN11CCubicTrace8MaxSpeedEf  cubictrace.o
    0x080054ec   0x000000bc   Code   RO         2588    i._ZN11CCubicTrace8PositionEf  cubictrace.o
    0x080055a8   0x00000020   Code   RO         2589    i._ZN11CCubicTraceC1Ev  cubictrace.o
    0x080055c8   0x00000088   Code   RO         3113    i._ZN11CRobotBasic13RotateAroundZEPdS0_d  robotbasic.o
    0x08005650   0x00000068   Code   RO         3114    i._ZN11CRobotBasic14CalcJackLengthEPd  robotbasic.o
    0x080056b8   0x00000054   Code   RO         3115    i._ZN11CRobotBasic18SetStructureErrorsEPA3_dS1_  robotbasic.o
    0x0800570c   0x00000150   Code   RO         3116    i._ZN11CRobotBasic18SetStructureParamsEdddddd  robotbasic.o
    0x0800585c   0x00000044   Code   RO         3117    i._ZN11CRobotBasic19SetJointCoordinatesEPA3_dS1_  robotbasic.o
    0x080058a0   0x000000b4   Code   RO         3121    i._ZN11CRobotBasicC1Ev  robotbasic.o
    0x08005954   0x00000070   Code   RO         3386    i._ZN11CRobotServo10GoZeroCtrlEv  robotservo.o
    0x080059c4   0x00000144   Code   RO         3387    i._ZN11CRobotServo10NormalCtrlEv  robotservo.o
    0x08005b08   0x00000060   Code   RO         3388    i._ZN11CRobotServo11IsAllZeroedEv  robotservo.o
    0x08005b68   0x0000010c   Code   RO         3389    i._ZN11CRobotServo17FilterDestinationEii  robotservo.o
    0x08005c74   0x0000013c   Code   RO         3390    i._ZN11CRobotServo9RobotMoveER6CRobot  robotservo.o
    0x08005db0   0x00000018   Code   RO         3391    i._ZN11CRobotServo9ServoCtrlEv  robotservo.o
    0x08005dc8   0x00000038   Code   RO         3392    i._ZN11CRobotServoC1Ev  robotservo.o
    0x08005e00   0x00000084   Code   RO         3443    i._ZN11CStableCtrl19GetPlatformPositionERdS0_S0_S0_S0_S0_  stablectrl.o
    0x08005e84   0x00000040   Code   RO         3444    i._ZN11CStableCtrl23SingleChannelFwdBwdCtrlEidd  stablectrl.o
    0x08005ec4   0x0000003c   Code   RO         3445    i._ZN11CStableCtrl23SingleMotionChannelCtrlEidd  stablectrl.o
    0x08005f00   0x000000fc   Code   RO         3446    i._ZN11CStableCtrlC1Ev  stablectrl.o
    0x08005ffc   0x00000012   Code   RO         2695    i._ZN12CJuneBugCtrl10InitializeEv  junebugctrl.o
    0x0800600e   0x00000002   PAD
    0x08006010   0x00000040   Code   RO         2696    i._ZN12CJuneBugCtrl11MoveByTraceEv  junebugctrl.o
    0x08006050   0x00000254   Code   RO         2697    i._ZN12CJuneBugCtrl11StateMoveXYEv  junebugctrl.o
    0x080062a4   0x00000068   Code   RO         2698    i._ZN12CJuneBugCtrl12MoveRequiredEv  junebugctrl.o
    0x0800630c   0x0000015c   Code   RO         2700    i._ZN12CJuneBugCtrl15StateMoveUpDownEv  junebugctrl.o
    0x08006468   0x00000094   Code   RO         2701    i._ZN12CJuneBugCtrl15StateMoveXYIdleEv  junebugctrl.o
    0x080064fc   0x00000038   Code   RO         2702    i._ZN12CJuneBugCtrl16ScheduleMovementEPfS0_  junebugctrl.o
    0x08006534   0x000000c0   Code   RO         2703    i._ZN12CJuneBugCtrl16ScheduleMovementEPfS0_S0_S0_  junebugctrl.o
    0x080065f4   0x00000144   Code   RO         2705    i._ZN12CJuneBugCtrl18ScheduleXYMovementEffff  junebugctrl.o
    0x08006738   0x00000020   Code   RO         2706    i._ZN12CJuneBugCtrl19StateMoveUpDownIdleEv  junebugctrl.o
    0x08006758   0x00000026   Code   RO         2707    i._ZN12CJuneBugCtrl20ScheduleIdleMovementEv  junebugctrl.o
    0x0800677e   0x00000002   PAD
    0x08006780   0x00000114   Code   RO         2708    i._ZN12CJuneBugCtrl25SearchForTheLargestXYStepEffff  junebugctrl.o
    0x08006894   0x00000050   Code   RO         2709    i._ZN12CJuneBugCtrl4MoveEv  junebugctrl.o
    0x080068e4   0x0000002e   Code   RO         2803    i._ZN12CJuneBugCtrl6LengthEff  junebugctrl.o
    0x08006912   0x00000040   Code   RO         2809    i._ZN12CJuneBugCtrl6LengthEfff  junebugctrl.o
    0x08006952   0x00000048   Code   RO         2710    i._ZN12CJuneBugCtrl9StateIdleEv  junebugctrl.o
    0x0800699a   0x00000002   PAD
    0x0800699c   0x000000fc   Code   RO         2711    i._ZN12CJuneBugCtrlC1Ev  junebugctrl.o
    0x08006a98   0x00000008   Code   RO         3288    i._ZN13CRobotCommPkg12Buffer2ShortEPh  robotcomm.o
    0x08006aa0   0x00000164   Code   RO         3181    i._ZN13CRobotCommPkg14FdkRobotStatusEP11CCtrlSystem  robotcomm.o
    0x08006c04   0x000000f0   Code   RO         3182    i._ZN13CRobotCommPkg15GetAccCtrlOrderERfS0_S0_S0_S0_S0_  robotcomm.o
    0x08006cf4   0x000000c4   Code   RO         3183    i._ZN13CRobotCommPkg15GetJuneBugOrderERfS0_S0_S0_S0_  robotcomm.o
    0x08006db8   0x000000f0   Code   RO         3184    i._ZN13CRobotCommPkg15GetPosCtrlOrderERfS0_S0_S0_S0_S0_  robotcomm.o
    0x08006ea8   0x00000012   Code   RO         3185    i._ZN13CRobotCommPkg16GetAccCtrlParamsER17CMotionSimuParams  robotcomm.o
    0x08006eba   0x00000002   PAD
    0x08006ebc   0x00000068   Code   RO         3186    i._ZN13CRobotCommPkg16GetJackCtrlOrderERiRfS1_  robotcomm.o
    0x08006f24   0x00000016   Code   RO         3187    i._ZN13CRobotCommPkg16ReceiveCtrlOrderEh  robotcomm.o
    0x08006f3a   0x0000005a   Code   RO         3189    i._ZN13CRobotCommPkg17CheckReceivedCommEhPhRi  robotcomm.o
    0x08006f94   0x00000020   Code   RO         3192    i._ZN13CRobotCommPkg6AddCRCEPhi  robotcomm.o
    0x08006fb4   0x00000036   Code   RO         3193    i._ZN13CRobotCommPkg7CalcCRCEPhi  robotcomm.o
    0x08006fea   0x0000002c   Code   RO         3194    i._ZN13CRobotCommPkg8CheckCRCEPhi  robotcomm.o
    0x08007016   0x00000002   Code   RO         3195    i._ZN13CRobotCommPkgC1Ev  robotcomm.o
    0x08007018   0x00000054   Code   RO         2839    i._ZN14CLowPassFilter6FilterEd  motionsimu.o
    0x0800706c   0x00000006   Code   RO         2840    i._ZN14CLowPassFilter9SetParamsEd  motionsimu.o
    0x08007072   0x00000002   PAD
    0x08007074   0x00000014   Code   RO         2841    i._ZN14CLowPassFilterC1Ev  motionsimu.o
    0x08007088   0x00000004   Code   RO         3476    i._ZN14CMotionTracker10GetCurTimeEv  motiontrack.o
    0x0800708c   0x00000096   Code   RO         3477    i._ZN14CMotionTracker10InitializeEPdS0_  motiontrack.o
    0x08007122   0x00000002   PAD
    0x08007124   0x0000009c   Code   RO         3478    i._ZN14CMotionTracker14NewDestinationEPf  motiontrack.o
    0x080071c0   0x00000228   Code   RO         3479    i._ZN14CMotionTracker4MoveEPdS0_  motiontrack.o
    0x080073e8   0x000000a0   Code   RO         3480    i._ZN14CMotionTrackerC1Ev  motiontrack.o
    0x08007488   0x00000028   Code   RO         2842    i._ZN15CHighPassFilter6FilterEd  motionsimu.o
    0x080074b0   0x00000018   Code   RO         2981    i._ZN15CHighPassFilterC1Ev  motionsimu.o
    0x080074c8   0x00000090   Code   RO         2843    i._ZN16CFilterAcc2Angle6OutputEd  motionsimu.o
    0x08007558   0x0000002c   Code   RO         2844    i._ZN16CFilterAcc2Angle7RealAccEv  motionsimu.o
    0x08007584   0x000000b0   Code   RO         2846    i._ZN16CFilterAcc2Angle9SetParamsEddd  motionsimu.o
    0x08007634   0x0000000e   Code   RO         2972    i._ZN16CFilterAcc2AngleC1Ev  motionsimu.o
    0x08007642   0x00000006   Code   RO         2847    i._ZN16CMotionSimulator16SampleOutputTimeEv  motionsimu.o
    0x08007648   0x0000002a   Code   RO         2848    i._ZN16CMotionSimulator19FeedTargetAccAndSpdEdddddd  motionsimu.o
    0x08007672   0x000001be   Code   RO         2849    i._ZN16CMotionSimulator19GetPlatformPositionERdS0_S0_S0_S0_S0_  motionsimu.o
    0x08007830   0x000001c0   Code   RO         2851    i._ZN16CMotionSimulator9SetParamsE17CMotionSimuParams  motionsimu.o
    0x080079f0   0x00000084   Code   RO         2852    i._ZN16CMotionSimulatorC1Ev  motionsimu.o
    0x08007a74   0x00000178   Code   RO         2853    i._ZN17CFilterAcc2Motion6OutputEd  motionsimu.o
    0x08007bec   0x00000008   Code   RO         2966    i._ZN17CFilterAcc2Motion7RealAccEv  motionsimu.o
    0x08007bf4   0x0000004c   Code   RO         2854    i._ZN17CFilterAcc2Motion9SetParamsEdddd  motionsimu.o
    0x08007c40   0x00000064   Code   RO         2855    i._ZN17CFilterAcc2MotionC1Ev  motionsimu.o
    0x08007ca4   0x000000c4   Code   RO         2856    i._ZN17CFilterRSpd2Angle6OutputEd  motionsimu.o
    0x08007d68   0x00000008   Code   RO         2975    i._ZN17CFilterRSpd2Angle7RealSpdEv  motionsimu.o
    0x08007d70   0x0000002c   Code   RO         2857    i._ZN17CFilterRSpd2Angle9SetParamsEddd  motionsimu.o
    0x08007d9c   0x0000001c   Code   RO         2858    i._ZN17CFilterRSpd2AngleC1Ev  motionsimu.o
    0x08007db8   0x00000102   Code   RO         3010    i._ZN6CRobot10LimitServoEd  robot.o
    0x08007eba   0x00000116   Code   RO         3011    i._ZN6CRobot12PlatformMoveEddddddb  robot.o
    0x08007fd0   0x0000004c   Code   RO         3012    i._ZN6CRobot12SetJackServoEid  robot.o
    0x0800801c   0x0000004c   Code   RO         3014    i._ZN6CRobot13SetJackLengthEid  robot.o
    0x08008068   0x0000004a   Code   RO         3015    i._ZN6CRobot14PlatformZeroedEv  robot.o
    0x080080b2   0x00000012   Code   RO         3019    i._ZN6CRobot17PlatformMinHeightEv  robot.o
    0x080080c4   0x000001a0   Code   RO         3020    i._ZN6CRobot18CalcPlatformHeightEd  robot.o
    0x08008264   0x00000128   Code   RO         3021    i._ZN6CRobot19InitStructureParamsEv  robot.o
    0x0800838c   0x0000000c   Code   RO         2529    i._ZN6CRobot4PosZEv  ctrlsystem.o
    0x08008398   0x00000064   Code   RO         3101    i._ZN6CRobot7SigmoidEd  robot.o
    0x080083fc   0x00000082   Code   RO         3022    i._ZN6CRobotC1Ev    robot.o
    0x0800847e   0x00000012   Code   RO         3321    i._ZN9CRobotFKPC1Ev  robotfkp.o
    0x08008490   0x00000056   Code   RO         3354    i._ZN9CRobotIKP22CalcGlobalCoordinationEPdS0_PA3_dS2_i  robotikp.o
    0x080084e6   0x00000064   Code   RO         3356    i._ZN9CRobotIKP4MoveEdddddd  robotikp.o
    0x0800854a   0x0000000c   Code   RO         2815    i._ZSt4sqrtf        junebugctrl.o
    0x08008556   0x00000028   Code   RO         4052    i.__ARM_fpclassify  m_ws.l(fpclassify.o)
    0x0800857e   0x00000024   Code   RO         3704    i.__aeabi_vec_ctor_nocookie_nodtor  cpprt_w.l(aeabi_vec_ctor_nocookie_nodtor.o)
    0x080085a2   0x00000002   PAD
    0x080085a4   0x00000388   Code   RO         4057    i.__ieee754_rem_pio2  m_ws.l(rred.o)
    0x0800892c   0x000000fc   Code   RO         4035    i.__kernel_cos      m_ws.l(cos_i.o)
    0x08008a28   0x000000aa   Code   RO         4054    i.__kernel_poly     m_ws.l(poly.o)
    0x08008ad2   0x00000002   PAD
    0x08008ad4   0x000000ec   Code   RO         4062    i.__kernel_sin      m_ws.l(sin_i.o)
    0x08008bc0   0x00000010   Code   RO         4038    i.__mathlib_dbl_divzero  m_ws.l(dunder.o)
    0x08008bd0   0x00000006   Code   RO         4039    i.__mathlib_dbl_infnan  m_ws.l(dunder.o)
    0x08008bd6   0x00000004   Code   RO         4040    i.__mathlib_dbl_infnan2  m_ws.l(dunder.o)
    0x08008bda   0x0000000c   Code   RO         4041    i.__mathlib_dbl_invalid  m_ws.l(dunder.o)
    0x08008be6   0x0000000e   Code   RO         4042    i.__mathlib_dbl_overflow  m_ws.l(dunder.o)
    0x08008bf4   0x00000010   Code   RO         4044    i.__mathlib_dbl_underflow  m_ws.l(dunder.o)
    0x08008c04   0x00000010   Code   RO         2167    i.__sti___13_CtrlBoard_cpp_7278497b  ctrlboard.o
    0x08008c14   0x00000010   Code   RO         2435    i.__sti___14_CtrlSystem_cpp_e608436e  ctrlsystem.o
    0x08008c24   0x0000000e   Code   RO         3914    i._is_digit         c_w.l(__printf_wp.o)
    0x08008c32   0x00000002   PAD
    0x08008c34   0x00000270   Code   RO         3782    i.asin              m_ws.l(asin.o)
    0x08008ea4   0x00000220   Code   RO         3792    i.atan              m_ws.l(atan.o)
    0x080090c4   0x0000009c   Code   RO         3802    i.cos               m_ws.l(cos.o)
    0x08009160   0x00000284   Code   RO         3810    i.exp               m_ws.l(exp.o)
    0x080093e4   0x0000000e   Code   RO          500    i.feed_dog          wwdg.o
    0x080093f2   0x00000002   PAD
    0x080093f4   0x00000168   Code   RO          174    i.initialize        fsmc.o
    0x0800955c   0x000000fc   Code   RO          204    i.initialize        led.o
    0x08009658   0x0000006a   Code   RO          308    i.initialize        system_clock.o
    0x080096c2   0x00000002   PAD
    0x080096c4   0x00000028   Code   RO          501    i.initialize        wwdg.o
    0x080096ec   0x00000098   Code   RO          547    i.initialize        exti.o
    0x08009784   0x00000040   Code   RO          379    i.initialize_usart2  usart.o
    0x080097c4   0x00000040   Code   RO          380    i.initialize_usart3  usart.o
    0x08009804   0x000000a4   Code   RO           13    i.main              main.o
    0x080098a8   0x0000002e   Code   RO          381    i.my_printf2        usart.o
    0x080098d6   0x0000002e   Code   RO          382    i.my_printf3        usart.o
    0x08009904   0x000009d8   Code   RO         3820    i.pow               m_ws.l(pow.o)
    0x0800a2dc   0x00000034   Code   RO          383    i.send_string_to_usart2  usart.o
    0x0800a310   0x00000034   Code   RO          384    i.send_string_to_usart3  usart.o
    0x0800a344   0x000000a0   Code   RO         3830    i.sin               m_ws.l(sin.o)
    0x0800a3e4   0x0000004c   Code   RO         3838    i.sqrt              m_ws.l(sqrt.o)
    0x0800a430   0x0000002c   Code   RO         3846    i.sqrtf             m_ws.l(sqrtf.o)
    0x0800a45c   0x0000002c   Code   RO         4229    locale$$code        c_w.l(lc_numeric_c.o)
    0x0800a488   0x0000002c   Code   RO         4301    locale$$code        c_w.l(lc_ctype_c.o)
    0x0800a4b4   0x00000062   Code   RO         3707    x$fpl$d2f           fz_ws.l(d2f.o)
    0x0800a516   0x00000002   PAD
    0x0800a518   0x00000150   Code   RO         3709    x$fpl$dadd          fz_ws.l(daddsub_clz.o)
    0x0800a668   0x00000010   Code   RO         4124    x$fpl$dcheck1       fz_ws.l(dcheck1.o)
    0x0800a678   0x00000018   Code   RO         4008    x$fpl$dcmpinf       fz_ws.l(dcmpi.o)
    0x0800a690   0x000002b0   Code   RO         3716    x$fpl$ddiv          fz_ws.l(ddiv.o)
    0x0800a940   0x00000078   Code   RO         3719    x$fpl$deqf          fz_ws.l(deqf.o)
    0x0800a9b8   0x0000005e   Code   RO         3721    x$fpl$dfix          fz_ws.l(dfix.o)
    0x0800aa16   0x00000002   PAD
    0x0800aa18   0x0000005a   Code   RO         3725    x$fpl$dfixu         fz_ws.l(dfixu.o)
    0x0800aa72   0x0000002e   Code   RO         3730    x$fpl$dflt          fz_ws.l(dflt_clz.o)
    0x0800aaa0   0x00000026   Code   RO         3729    x$fpl$dfltu         fz_ws.l(dflt_clz.o)
    0x0800aac6   0x00000002   PAD
    0x0800aac8   0x00000078   Code   RO         3735    x$fpl$dleqf         fz_ws.l(dleqf.o)
    0x0800ab40   0x00000154   Code   RO         3737    x$fpl$dmul          fz_ws.l(dmul.o)
    0x0800ac94   0x0000009c   Code   RO         4010    x$fpl$dnaninf       fz_ws.l(dnaninf.o)
    0x0800ad30   0x0000000c   Code   RO         4012    x$fpl$dretinf       fz_ws.l(dretinf.o)
    0x0800ad3c   0x0000006c   Code   RO         3739    x$fpl$drleqf        fz_ws.l(drleqf.o)
    0x0800ada8   0x00000016   Code   RO         3710    x$fpl$drsb          fz_ws.l(daddsub_clz.o)
    0x0800adbe   0x00000002   PAD
    0x0800adc0   0x000001cc   Code   RO         4014    x$fpl$dsqrt         fz_ws.l(dsqrt_noumaal.o)
    0x0800af8c   0x000001d4   Code   RO         3711    x$fpl$dsub          fz_ws.l(daddsub_clz.o)
    0x0800b160   0x00000056   Code   RO         3741    x$fpl$f2d           fz_ws.l(f2d.o)
    0x0800b1b6   0x00000002   PAD
    0x0800b1b8   0x000000c4   Code   RO         3743    x$fpl$fadd          fz_ws.l(faddsub_clz.o)
    0x0800b27c   0x00000018   Code   RO         4016    x$fpl$fcmpinf       fz_ws.l(fcmpi.o)
    0x0800b294   0x00000184   Code   RO         3750    x$fpl$fdiv          fz_ws.l(fdiv.o)
    0x0800b418   0x00000068   Code   RO         3753    x$fpl$feqf          fz_ws.l(feqf.o)
    0x0800b480   0x00000068   Code   RO         3765    x$fpl$fleqf         fz_ws.l(fleqf.o)
    0x0800b4e8   0x00000102   Code   RO         3767    x$fpl$fmul          fz_ws.l(fmul.o)
    0x0800b5ea   0x0000008c   Code   RO         4018    x$fpl$fnaninf       fz_ws.l(fnaninf.o)
    0x0800b676   0x0000000a   Code   RO         4020    x$fpl$fretinf       fz_ws.l(fretinf.o)
    0x0800b680   0x00000062   Code   RO         3769    x$fpl$frleqf        fz_ws.l(frleqf.o)
    0x0800b6e2   0x00000014   Code   RO         3744    x$fpl$frsb          fz_ws.l(faddsub_clz.o)
    0x0800b6f6   0x00000002   PAD
    0x0800b6f8   0x00000110   Code   RO         4022    x$fpl$fsqrt         fz_ws.l(fsqrt.o)
    0x0800b808   0x000000ea   Code   RO         3745    x$fpl$fsub          fz_ws.l(faddsub_clz.o)
    0x0800b8f2   0x00000004   Code   RO         4024    x$fpl$printf1       fz_ws.l(printf1.o)
    0x0800b8f6   0x00000004   Code   RO         4026    x$fpl$printf2       fz_ws.l(printf2.o)
    0x0800b8fa   0x00000064   Code   RO         4257    x$fpl$retnan        fz_ws.l(retnan.o)
    0x0800b95e   0x0000005c   Code   RO         4032    x$fpl$scalbn        fz_ws.l(scalbn.o)
    0x0800b9ba   0x00000030   Code   RO         4317    x$fpl$trapveneer    fz_ws.l(trapv.o)
    0x0800b9ea   0x00000000   Code   RO         4034    x$fpl$usenofp       fz_ws.l(usenofp.o)
    0x0800b9ea   0x00000010   Data   RO         1781    .constdata          stm32f1xx_hal_rcc.o
    0x0800b9fa   0x00000006   PAD
    0x0800ba00   0x00000048   Data   RO         3132    .constdata          robotbasic.o
    0x0800ba48   0x00000050   Data   RO         3783    .constdata          m_ws.l(asin.o)
    0x0800ba98   0x00000098   Data   RO         3793    .constdata          m_ws.l(atan.o)
    0x0800bb30   0x00000058   Data   RO         3811    .constdata          m_ws.l(exp.o)
    0x0800bb88   0x00000088   Data   RO         3821    .constdata          m_ws.l(pow.o)
    0x0800bc10   0x00000008   Data   RO         3873    .constdata          c_w.l(_printf_wctomb.o)
    0x0800bc18   0x00000028   Data   RO         3902    .constdata          c_w.l(_printf_hex_int_ll_ptr.o)
    0x0800bc40   0x00000011   Data   RO         3922    .constdata          c_w.l(__printf_flags_ss_wp.o)
    0x0800bc51   0x00000007   PAD
    0x0800bc58   0x00000030   Data   RO         4036    .constdata          m_ws.l(cos_i.o)
    0x0800bc88   0x00000008   Data   RO         4056    .constdata          m_ws.l(qnan.o)
    0x0800bc90   0x000000c8   Data   RO         4059    .constdata          m_ws.l(rred.o)
    0x0800bd58   0x00000028   Data   RO         4063    .constdata          m_ws.l(sin_i.o)
    0x0800bd80   0x00000026   Data   RO         4095    .constdata          c_w.l(_printf_fp_hex.o)
    0x0800bda6   0x00000002   PAD
    0x0800bda8   0x00000094   Data   RO         4204    .constdata          c_w.l(bigflt0.o)
    0x0800be3c   0x00000010   Data   RO         2963    .constdata__ZTV14CLowPassFilter  motionsimu.o
    0x0800be4c   0x00000010   Data   RO         2965    .constdata__ZTV15CHighPassFilter  motionsimu.o
    0x0800be5c   0x00000020   Data   RO         4393    Region$$Table       anon$$obj.o
    0x0800be7c   0x0000001c   Data   RO         4228    locale$$data        c_w.l(lc_numeric_c.o)
    0x0800be98   0x00000110   Data   RO         4300    locale$$data        c_w.l(lc_ctype_c.o)
    0x0800bfa8   0x00000004   Data   RO         2180    .init_array         ctrlboard.o
    0x0800bfac   0x00000004   Data   RO         2453    .init_array         ctrlsystem.o
    0x0800bfb0   0x00000000   Data   RO         3593    .init_array         c_w.l(init_aeabi.o)


    Execution Region RW_IRAM1 (Base: 0x20000000, Size: 0x00009158, Max: 0x00010000, ABSOLUTE, COMPRESSED[0x00000038])

    Base Addr    Size         Type   Attr      Idx    E Section Name        Object

    0x20000000   0x00000004   Data   RW          176    .data               fsmc.o
    0x20000004   0x00000004   Data   RW          205    .data               led.o
    0x20000008   0x00000004   Data   RW          309    .data               system_clock.o
    0x2000000c   0x00000004   Data   RW          340    .data               system_stm32f1xx.o
    0x20000010   0x00000108   Data   RW          386    .data               usart.o
    0x20000118   0x00000008   Data   RW          503    .data               wwdg.o
    0x20000120   0x0000000c   Data   RW          548    .data               exti.o
    0x2000012c   0x00000004   Data   RW          676    .data               stm32f1xx_hal.o
    0x20000130   0x00000001   Data   RW         3133    .data               robotbasic.o
    0x20000131   0x00000003   PAD
    0x20000134   0x00000044   Zero   RW          175    .bss                fsmc.o
    0x20000178   0x00000080   Zero   RW          385    .bss                usart.o
    0x200001f8   0x00000014   Zero   RW          502    .bss                wwdg.o
    0x2000020c   0x00000018   Zero   RW         2179    .bss                ctrlboard.o
    0x20000224   0x00000004   PAD
    0x20000228   0x00001840   Zero   RW         2452    .bss                ctrlsystem.o
    0x20001a68   0x00007090   Zero   RW         3131    .bss                robotbasic.o
    0x20008af8   0x00000060   Zero   RW         4129    .bss                c_w.l(libspace.o)
    0x20008b58   0x00000200   Zero   RW            2    HEAP                startup_stm32f103xe.o
    0x20008d58   0x00000400   Zero   RW            1    STACK               startup_stm32f103xe.o


==============================================================================

Image component sizes


      Code (inc. data)   RO Data    RW Data    ZI Data      Debug   Object Name

        36          6          0          0          0       4180   accsensor.o
      1138         12          0          0          0       4401   basiccalc.o
       500         44          4          0         24      18952   ctrlboard.o
       104         30          0          0          0       2574   ctrlinterface.o
      2772        114          4          0       6208      22165   ctrlsystem.o
      1824         64          0          0          0      10695   cubictrace.o
       260         32          0         12          0       2506   exti.o
       360         32          0          4         68       1878   fsmc.o
      2722        120          0          0          0      16671   junebugctrl.o
       252         18          0          4          0       2658   led.o
       164         44          0          0          0     483527   main.o
      2462        140         32          0          0      16772   motionsimu.o
      1022         50          0          0          0       2900   motiontrack.o
      1722         22          0          0          0       7588   robot.o
       908         62         72          1      28816       4192   robotbasic.o
      1406         76          0          0          0      16997   robotcomm.o
        18          0          0          0          0        456   robotfkp.o
       186          0          0          0          0       1504   robotikp.o
      1196         38          0          0          0       4588   robotservo.o
       508         34          0          0          0       3128   stablectrl.o
        64         26        304          0       1536        780   startup_stm32f103xe.o
       132         16          0          4          0       3764   stm32f1xx_hal.o
       348         22          0          0          0      27641   stm32f1xx_hal_cortex.o
       844         42          0          0          0       2728   stm32f1xx_hal_gpio.o
      3840        108         16          0          0       5932   stm32f1xx_hal_rcc.o
        90          0          0          0          0       1587   stm32f1xx_hal_sram.o
      1610          6          0          0          0       9029   stm32f1xx_hal_uart.o
       126          0          0          0          0       1567   stm32f1xx_hal_wwdg.o
        36          0          0          0          0       3666   stm32f1xx_it.o
       392          8          0          0          0       2987   stm32f1xx_ll_fsmc.o
       106          0          0          4          0       1107   system_clock.o
        88         18          0          4          0       1005   system_stm32f1xx.o
       860         90          0        264        128       8778   usart.o
       122         18          0          8         20       2256   wwdg.o

    ----------------------------------------------------------------------
     28262       1292        470        308      36804     701159   Object Totals
         0          0         32          0          0          0   (incl. Generated)
        44          0          6          3          4          0   (incl. Padding)

    ----------------------------------------------------------------------

      Code (inc. data)   RO Data    RW Data    ZI Data      Debug   Library Member Name

        90          0          0          0          0          0   __dczerorl2.o
         8          0          0          0          0         68   __main.o
       392          4         17          0          0         92   __printf_flags_ss_wp.o
        14          0          0          0          0         68   __printf_wp.o
         0          0          0          0          0          0   __rtentry.o
        12          0          0          0          0          0   __rtentry2.o
         6          0          0          0          0          0   __rtentry4.o
        52          8          0          0          0          0   __scatter.o
        28          0          0          0          0          0   __scatter_zi.o
         6          0          0          0          0          0   _printf_a.o
         6          0          0          0          0          0   _printf_c.o
        44          0          0          0          0        108   _printf_char.o
        48          6          0          0          0         96   _printf_char_common.o
        40          0          0          0          0         68   _printf_charcount.o
         6          0          0          0          0          0   _printf_d.o
       120         16          0          0          0         92   _printf_dec.o
         6          0          0          0          0          0   _printf_e.o
         6          0          0          0          0          0   _printf_f.o
      1050          0          0          0          0        216   _printf_fp_dec.o
       764         10         38          0          0        100   _printf_fp_hex.o
       128         16          0          0          0         84   _printf_fp_infnan.o
         6          0          0          0          0          0   _printf_g.o
       148          4         40          0          0        160   _printf_hex_int_ll_ptr.o
         6          0          0          0          0          0   _printf_i.o
       178          0          0          0          0         88   _printf_intcommon.o
        10          0          0          0          0          0   _printf_l.o
         6          0          0          0          0          0   _printf_lc.o
        10          0          0          0          0          0   _printf_ll.o
         6          0          0          0          0          0   _printf_lld.o
         6          0          0          0          0          0   _printf_lli.o
         6          0          0          0          0          0   _printf_llo.o
         6          0          0          0          0          0   _printf_llu.o
         6          0          0          0          0          0   _printf_llx.o
       124         16          0          0          0         92   _printf_longlong_dec.o
         6          0          0          0          0          0   _printf_ls.o
         6          0          0          0          0          0   _printf_n.o
         6          0          0          0          0          0   _printf_o.o
       112          8          0          0          0        124   _printf_oct_int_ll.o
         6          0          0          0          0          0   _printf_p.o
        78          0          0          0          0        108   _printf_pad.o
         0          0          0          0          0          0   _printf_percent.o
         4          0          0          0          0          0   _printf_percent_end.o
         6          0          0          0          0          0   _printf_s.o
        82          0          0          0          0         80   _printf_str.o
        36          0          0          0          0         84   _printf_truncate.o
         6          0          0          0          0          0   _printf_u.o
        44          0          0          0          0        108   _printf_wchar.o
       188          6          8          0          0         92   _printf_wctomb.o
         6          0          0          0          0          0   _printf_x.o
        22          0          0          0          0        100   _rserrno.o
        10          0          0          0          0         68   _sputc.o
        64          0          0          0          0         92   _wcrtomb.o
       220          4        148          0          0         96   bigflt0.o
      1910        128          0          0          0        672   btod.o
        18          0          0          0          0         80   exit.o
         6          0          0          0          0        152   heapauxi.o
         0          0          0          0          0          0   indicate_semi.o
        36         10          0          0          0         80   init_aeabi.o
        44         10        272          0          0         76   lc_ctype_c.o
        44         10         28          0          0         76   lc_numeric_c.o
         2          0          0          0          0          0   libinit.o
        34          0          0          0          0          0   libinit2.o
         2          0          0          0          0          0   libshutdown.o
         2          0          0          0          0          0   libshutdown2.o
         8          4          0          0         96         68   libspace.o
       138          0          0          0          0         80   lludiv10.o
        16          4          0          0          0         76   rt_ctype_table.o
         8          4          0          0          0         68   rt_errno_addr_intlibspace.o
         8          4          0          0          0         68   rt_locale_intlibspace.o
        78          0          0          0          0         80   rt_memclr_w.o
       138          0          0          0          0         68   rt_memcpy_v6.o
       100          0          0          0          0         80   rt_memcpy_w.o
         2          0          0          0          0          0   rtexit.o
        10          0          0          0          0          0   rtexit2.o
       128          0          0          0          0         68   strcmpv7m.o
        12          4          0          0          0         68   sys_exit.o
        74          0          0          0          0         80   sys_stackheap_outer.o
         2          0          0          0          0         68   use_no_semi.o
        36          4          0          0          0         76   vsprintf.o
        36          0          0          0          0         84   aeabi_vec_ctor_nocookie_nodtor.o
        98          4          0          0          0         92   d2f.o
       826         16          0          0          0        348   daddsub_clz.o
        16          4          0          0          0         68   dcheck1.o
        24          0          0          0          0         68   dcmpi.o
       688        140          0          0          0        208   ddiv.o
       120          4          0          0          0         92   deqf.o
        94          4          0          0          0         92   dfix.o
        90          4          0          0          0         92   dfixu.o
        84          0          0          0          0        136   dflt_clz.o
       120          4          0          0          0         92   dleqf.o
       340         12          0          0          0        104   dmul.o
       156          4          0          0          0         92   dnaninf.o
        12          0          0          0          0         68   dretinf.o
       108          0          0          0          0         80   drleqf.o
       460         56          0          0          0        120   dsqrt_noumaal.o
        86          4          0          0          0         84   f2d.o
       450          8          0          0          0        236   faddsub_clz.o
        24          0          0          0          0         68   fcmpi.o
       388         76          0          0          0         96   fdiv.o
       104          4          0          0          0         84   feqf.o
       104          4          0          0          0         84   fleqf.o
       258          4          0          0          0         84   fmul.o
       140          4          0          0          0         84   fnaninf.o
        10          0          0          0          0         68   fretinf.o
        98          0          0          0          0         68   frleqf.o
       272        100          0          0          0         88   fsqrt.o
         4          0          0          0          0         68   printf1.o
         4          0          0          0          0         68   printf2.o
       100          0          0          0          0         68   retnan.o
        92          0          0          0          0         68   scalbn.o
        48          0          0          0          0         68   trapv.o
         0          0          0          0          0          0   usenofp.o
       624         52         80          0          0        168   asin.o
       544         70        152          0          0        124   atan.o
       156          8          0          0          0        104   cos.o
       252         22         48          0          0        124   cos_i.o
        68         10          0          0          0        408   dunder.o
       644         90         88          0          0        204   exp.o
        40          0          0          0          0         68   fpclassify.o
       170          0          0          0          0         96   poly.o
      2520        190        136          0          0        324   pow.o
         0          0          8          0          0          0   qnan.o
       904         76        200          0          0        140   rred.o
       160         10          0          0          0        108   sin.o
       236         12         40          0          0        128   sin_i.o
        76          0          0          0          0         84   sqrt.o
        44          0          0          0          0         80   sqrtf.o

    ----------------------------------------------------------------------
     19028       1276       1312          0         96       9748   Library Totals
        34          0          9          0          0          0   (incl. Padding)

    ----------------------------------------------------------------------

      Code (inc. data)   RO Data    RW Data    ZI Data      Debug   Library Name

      7102        280        551          0         96       4368   c_w.l
        36          0          0          0          0         84   cpprt_w.l
      5418        456          0          0          0       3136   fz_ws.l
      6438        540        752          0          0       2160   m_ws.l

    ----------------------------------------------------------------------
     19028       1276       1312          0         96       9748   Library Totals

    ----------------------------------------------------------------------

==============================================================================


      Code (inc. data)   RO Data    RW Data    ZI Data      Debug   

     47290       2568       1782        308      36900     694575   Grand Totals
     47290       2568       1782         56      36900     694575   ELF Image Totals (compressed)
     47290       2568       1782         56          0          0   ROM Totals

==============================================================================

    Total RO  Size (Code + RO Data)                49072 (  47.92kB)
    Total RW  Size (RW Data + ZI Data)             37208 (  36.34kB)
    Total ROM Size (Code + RO Data + RW Data)      49128 (  47.98kB)

==============================================================================

